This is pdfTeX, Version 3.141592653-2.6-1.40.25 (TeX Live 2023/Debian) (preloaded format=pdflatex 2024.7.21)  3 OCT 2024 22:07
entering extended mode
 restricted \write18 enabled.
 %&-line parsing enabled.
**NeutrinoMagMomentTechnote.tex
(./NeutrinoMagMomentTechnote.tex
LaTeX2e <2023-11-01> patch level 1
L3 programming layer <2024-01-22>
(/usr/share/texlive/texmf-dist/tex/latex/lineno/lineno.sty
Package: lineno 2023/05/20 line numbers on paragraphs v5.3

(/usr/share/texlive/texmf-dist/tex/latex/etoolbox/etoolbox.sty
Package: etoolbox 2020/10/05 v2.5k e-TeX tools for LaTeX (JAW)
\etb@tempcnta=\count187
)
(/usr/share/texlive/texmf-dist/tex/latex/kvoptions/kvoptions.sty
Package: kvoptions 2022-06-15 v3.15 Key value format for package options (HO)

(/usr/share/texlive/texmf-dist/tex/latex/graphics/keyval.sty
Package: keyval 2022/05/29 v1.15 key=value parser (DPC)
\KV@toks@=\toks17
)
(/usr/share/texlive/texmf-dist/tex/generic/ltxcmds/ltxcmds.sty
Package: ltxcmds 2023-12-04 v1.26 LaTeX kernel commands for general use (HO)
)
(/usr/share/texlive/texmf-dist/tex/latex/kvsetkeys/kvsetkeys.sty
Package: kvsetkeys 2022-10-05 v1.19 Key value parser (HO)
))
\linenopenalty=\count188
\output=\toks18
\linenoprevgraf=\count189
\linenumbersep=\dimen140
\linenumberwidth=\dimen141
\c@linenumber=\count190
\c@pagewiselinenumber=\count191
\c@LN@truepage=\count192
\c@internallinenumber=\count193
\c@internallinenumbers=\count194
\quotelinenumbersep=\dimen142
\bframerule=\dimen143
\bframesep=\dimen144
\bframebox=\box51
LaTeX Info: Redefining \\ on input line 3180.
)
(/usr/share/texlive/texmf-dist/tex/latex/graphics/rotating.sty
Package: rotating 2016/08/11 v2.16d rotated objects in LaTeX

(/usr/share/texlive/texmf-dist/tex/latex/graphics/graphicx.sty
Package: graphicx 2021/09/16 v1.2d Enhanced LaTeX Graphics (DPC,SPQR)

(/usr/share/texlive/texmf-dist/tex/latex/graphics/graphics.sty
Package: graphics 2022/03/10 v1.4e Standard LaTeX Graphics (DPC,SPQR)

(/usr/share/texlive/texmf-dist/tex/latex/graphics/trig.sty
Package: trig 2021/08/11 v1.11 sin cos tan (DPC)
)
(/usr/share/texlive/texmf-dist/tex/latex/graphics-cfg/graphics.cfg
File: graphics.cfg 2016/06/04 v1.11 sample graphics configuration
)
Package graphics Info: Driver file: pdftex.def on input line 107.

(/usr/share/texlive/texmf-dist/tex/latex/graphics-def/pdftex.def
File: pdftex.def 2022/09/22 v1.2b Graphics/color driver for pdftex
))
\Gin@req@height=\dimen145
\Gin@req@width=\dimen146
)
(/usr/share/texlive/texmf-dist/tex/latex/base/ifthen.sty
Package: ifthen 2022/04/13 v1.1d Standard LaTeX ifthen package (DPC)
)
\c@r@tfl@t=\count195
\rotFPtop=\skip48
\rotFPbot=\skip49
\rot@float@box=\box52
\rot@mess@toks=\toks19
)
(/usr/share/texlive/texmf-dist/tex/latex/base/article.cls
Document Class: article 2023/05/17 v1.4n Standard LaTeX document class
(/usr/share/texlive/texmf-dist/tex/latex/base/size12.clo
File: size12.clo 2023/05/17 v1.4n Standard LaTeX file (size option)
)
\c@part=\count196
\c@section=\count197
\c@subsection=\count198
\c@subsubsection=\count199
\c@paragraph=\count266
\c@subparagraph=\count267
\c@figure=\count268
\c@table=\count269
\abovecaptionskip=\skip50
\belowcaptionskip=\skip51
\bibindent=\dimen147
)
(/usr/share/texlive/texmf-dist/tex/latex/base/inputenc.sty
Package: inputenc 2021/02/14 v1.3d Input encoding file
\inpenc@prehook=\toks20
\inpenc@posthook=\toks21
)
(/usr/share/texlive/texmf-dist/tex/latex/base/fontenc.sty
Package: fontenc 2021/04/29 v2.0v Standard LaTeX package
)
(/usr/share/texlive/texmf-dist/tex/latex/amsmath/amsmath.sty
Package: amsmath 2023/05/13 v2.17o AMS math features
\@mathmargin=\skip52

For additional information on amsmath, use the `?' option.
(/usr/share/texlive/texmf-dist/tex/latex/amsmath/amstext.sty
Package: amstext 2021/08/26 v2.01 AMS text

(/usr/share/texlive/texmf-dist/tex/latex/amsmath/amsgen.sty
File: amsgen.sty 1999/11/30 v2.0 generic functions
\@emptytoks=\toks22
\ex@=\dimen148
))
(/usr/share/texlive/texmf-dist/tex/latex/amsmath/amsbsy.sty
Package: amsbsy 1999/11/29 v1.2d Bold Symbols
\pmbraise@=\dimen149
)
(/usr/share/texlive/texmf-dist/tex/latex/amsmath/amsopn.sty
Package: amsopn 2022/04/08 v2.04 operator names
)
\inf@bad=\count270
LaTeX Info: Redefining \frac on input line 234.
\uproot@=\count271
\leftroot@=\count272
LaTeX Info: Redefining \overline on input line 399.
LaTeX Info: Redefining \colon on input line 410.
\classnum@=\count273
\DOTSCASE@=\count274
LaTeX Info: Redefining \ldots on input line 496.
LaTeX Info: Redefining \dots on input line 499.
LaTeX Info: Redefining \cdots on input line 620.
\Mathstrutbox@=\box53
\strutbox@=\box54
LaTeX Info: Redefining \big on input line 722.
LaTeX Info: Redefining \Big on input line 723.
LaTeX Info: Redefining \bigg on input line 724.
LaTeX Info: Redefining \Bigg on input line 725.
\big@size=\dimen150
LaTeX Font Info:    Redeclaring font encoding OML on input line 743.
LaTeX Font Info:    Redeclaring font encoding OMS on input line 744.
\macc@depth=\count275
LaTeX Info: Redefining \bmod on input line 905.
LaTeX Info: Redefining \pmod on input line 910.
LaTeX Info: Redefining \smash on input line 940.
LaTeX Info: Redefining \relbar on input line 970.
LaTeX Info: Redefining \Relbar on input line 971.
\c@MaxMatrixCols=\count276
\dotsspace@=\muskip16
\c@parentequation=\count277
\dspbrk@lvl=\count278
\tag@help=\toks23
\row@=\count279
\column@=\count280
\maxfields@=\count281
\andhelp@=\toks24
\eqnshift@=\dimen151
\alignsep@=\dimen152
\tagshift@=\dimen153
\tagwidth@=\dimen154
\totwidth@=\dimen155
\lineht@=\dimen156
\@envbody=\toks25
\multlinegap=\skip53
\multlinetaggap=\skip54
\mathdisplay@stack=\toks26
LaTeX Info: Redefining \[ on input line 2953.
LaTeX Info: Redefining \] on input line 2954.
)
\linenoamsmath@ams@eqpen=\count282

(/usr/share/texlive/texmf-dist/tex/latex/amscls/amsthm.sty
Package: amsthm 2020/05/29 v2.20.6
\thm@style=\toks27
\thm@bodyfont=\toks28
\thm@headfont=\toks29
\thm@notefont=\toks30
\thm@headpunct=\toks31
\thm@preskip=\skip55
\thm@postskip=\skip56
\thm@headsep=\skip57
\dth@everypar=\toks32
)
(/usr/share/texlive/texmf-dist/tex/latex/amsfonts/amssymb.sty
Package: amssymb 2013/01/14 v3.01 AMS font symbols

(/usr/share/texlive/texmf-dist/tex/latex/amsfonts/amsfonts.sty
Package: amsfonts 2013/01/14 v3.01 Basic AMSFonts support
\symAMSa=\mathgroup4
\symAMSb=\mathgroup5
LaTeX Font Info:    Redeclaring math symbol \hbar on input line 98.
LaTeX Font Info:    Overwriting math alphabet `\mathfrak' in version `bold'
(Font)                  U/euf/m/n --> U/euf/b/n on input line 106.
))
(/usr/share/texlive/texmf-dist/tex/latex/psnfss/mathptmx.sty
Package: mathptmx 2020/03/25 PSNFSS-v9.3 Times w/ Math, improved (SPQR, WaS) 
LaTeX Font Info:    Redeclaring symbol font `operators' on input line 28.
LaTeX Font Info:    Overwriting symbol font `operators' in version `normal'
(Font)                  OT1/cmr/m/n --> OT1/ztmcm/m/n on input line 28.
LaTeX Font Info:    Overwriting symbol font `operators' in version `bold'
(Font)                  OT1/cmr/bx/n --> OT1/ztmcm/m/n on input line 28.
LaTeX Font Info:    Redeclaring symbol font `letters' on input line 29.
LaTeX Font Info:    Overwriting symbol font `letters' in version `normal'
(Font)                  OML/cmm/m/it --> OML/ztmcm/m/it on input line 29.
LaTeX Font Info:    Overwriting symbol font `letters' in version `bold'
(Font)                  OML/cmm/b/it --> OML/ztmcm/m/it on input line 29.
LaTeX Font Info:    Redeclaring symbol font `symbols' on input line 30.
LaTeX Font Info:    Overwriting symbol font `symbols' in version `normal'
(Font)                  OMS/cmsy/m/n --> OMS/ztmcm/m/n on input line 30.
LaTeX Font Info:    Overwriting symbol font `symbols' in version `bold'
(Font)                  OMS/cmsy/b/n --> OMS/ztmcm/m/n on input line 30.
LaTeX Font Info:    Redeclaring symbol font `largesymbols' on input line 31.
LaTeX Font Info:    Overwriting symbol font `largesymbols' in version `normal'
(Font)                  OMX/cmex/m/n --> OMX/ztmcm/m/n on input line 31.
LaTeX Font Info:    Overwriting symbol font `largesymbols' in version `bold'
(Font)                  OMX/cmex/m/n --> OMX/ztmcm/m/n on input line 31.
\symbold=\mathgroup6
\symitalic=\mathgroup7
LaTeX Font Info:    Redeclaring math alphabet \mathbf on input line 34.
LaTeX Font Info:    Overwriting math alphabet `\mathbf' in version `normal'
(Font)                  OT1/cmr/bx/n --> OT1/ptm/bx/n on input line 34.
LaTeX Font Info:    Overwriting math alphabet `\mathbf' in version `bold'
(Font)                  OT1/cmr/bx/n --> OT1/ptm/bx/n on input line 34.
LaTeX Font Info:    Redeclaring math alphabet \mathit on input line 35.
LaTeX Font Info:    Overwriting math alphabet `\mathit' in version `normal'
(Font)                  OT1/cmr/m/it --> OT1/ptm/m/it on input line 35.
LaTeX Font Info:    Overwriting math alphabet `\mathit' in version `bold'
(Font)                  OT1/cmr/bx/it --> OT1/ptm/m/it on input line 35.
LaTeX Info: Redefining \hbar on input line 50.
)
(/usr/share/texlive/texmf-dist/tex/latex/mathtools/mathtools.sty
Package: mathtools 2022/06/29 v1.29 mathematical typesetting tools

(/usr/share/texlive/texmf-dist/tex/latex/tools/calc.sty
Package: calc 2023/07/08 v4.3 Infix arithmetic (KKT,FJ)
\calc@Acount=\count283
\calc@Bcount=\count284
\calc@Adimen=\dimen157
\calc@Bdimen=\dimen158
\calc@Askip=\skip58
\calc@Bskip=\skip59
LaTeX Info: Redefining \setlength on input line 80.
LaTeX Info: Redefining \addtolength on input line 81.
\calc@Ccount=\count285
\calc@Cskip=\skip60
)
(/usr/share/texlive/texmf-dist/tex/latex/mathtools/mhsetup.sty
Package: mhsetup 2021/03/18 v1.4 programming setup (MH)
)
\g_MT_multlinerow_int=\count286
\l_MT_multwidth_dim=\dimen159
\origjot=\skip61
\l_MT_shortvdotswithinadjustabove_dim=\dimen160
\l_MT_shortvdotswithinadjustbelow_dim=\dimen161
\l_MT_above_intertext_sep=\dimen162
\l_MT_below_intertext_sep=\dimen163
\l_MT_above_shortintertext_sep=\dimen164
\l_MT_below_shortintertext_sep=\dimen165
\xmathstrut@box=\box55
\xmathstrut@dim=\dimen166
)
(/usr/share/texlive/texmf-dist/tex/latex/preprint/authblk.sty
Package: authblk 2001/02/27 1.3 (PWD)
\affilsep=\skip62
\@affilsep=\skip63
\c@Maxaffil=\count287
\c@authors=\count288
\c@affil=\count289
)
(/usr/share/texlive/texmf-dist/tex/latex/textpos/textpos.sty
Package: textpos 2022/07/23 v1.10.1
Package textpos Info: choosing support for LaTeX3 on input line 60.
\TP@textbox=\box56
\TP@holdbox=\box57
\TPHorizModule=\dimen167
\TPVertModule=\dimen168
\TP@margin=\dimen169
\TP@absmargin=\dimen170

Grid set 16 x 16 = 38.39343pt x 49.68562pt
\TPboxrulesize=\dimen171
\TP@ox=\dimen172
\TP@oy=\dimen173
\TP@tbargs=\toks33
TextBlockOrigin set to 0pt x 0pt
) (/usr/share/texlive/texmf-dist/tex/latex/braket/braket.sty)
(/usr/share/texlive/texmf-dist/tex/latex/carlisle/slashed.sty
Package: slashed 1997/01/16 v0.01 Feynman Slashed Character Notation (DPC)
)
(/usr/share/texlive/texmf-dist/tex/latex/tikz-feynman/tikz-feynman.sty
Package: tikz-feynman 2016/02/05v1.1.0Feynman diagrams with TikZ

(/usr/share/texlive/texmf-dist/tex/latex/pgf/frontendlayer/tikz.sty
(/usr/share/texlive/texmf-dist/tex/latex/pgf/basiclayer/pgf.sty
(/usr/share/texlive/texmf-dist/tex/latex/pgf/utilities/pgfrcs.sty
(/usr/share/texlive/texmf-dist/tex/generic/pgf/utilities/pgfutil-common.tex
\pgfutil@everybye=\toks34
\pgfutil@tempdima=\dimen174
\pgfutil@tempdimb=\dimen175
)
(/usr/share/texlive/texmf-dist/tex/generic/pgf/utilities/pgfutil-latex.def
\pgfutil@abb=\box58
)
(/usr/share/texlive/texmf-dist/tex/generic/pgf/utilities/pgfrcs.code.tex
(/usr/share/texlive/texmf-dist/tex/generic/pgf/pgf.revision.tex)
Package: pgfrcs 2023-01-15 v3.1.10 (3.1.10)
))
Package: pgf 2023-01-15 v3.1.10 (3.1.10)

(/usr/share/texlive/texmf-dist/tex/latex/pgf/basiclayer/pgfcore.sty
(/usr/share/texlive/texmf-dist/tex/latex/pgf/systemlayer/pgfsys.sty
(/usr/share/texlive/texmf-dist/tex/generic/pgf/systemlayer/pgfsys.code.tex
Package: pgfsys 2023-01-15 v3.1.10 (3.1.10)

(/usr/share/texlive/texmf-dist/tex/generic/pgf/utilities/pgfkeys.code.tex
\pgfkeys@pathtoks=\toks35
\pgfkeys@temptoks=\toks36

(/usr/share/texlive/texmf-dist/tex/generic/pgf/utilities/pgfkeyslibraryfiltered
.code.tex
\pgfkeys@tmptoks=\toks37
))
\pgf@x=\dimen176
\pgf@y=\dimen177
\pgf@xa=\dimen178
\pgf@ya=\dimen179
\pgf@xb=\dimen180
\pgf@yb=\dimen181
\pgf@xc=\dimen182
\pgf@yc=\dimen183
\pgf@xd=\dimen184
\pgf@yd=\dimen185
\w@pgf@writea=\write3
\r@pgf@reada=\read2
\c@pgf@counta=\count290
\c@pgf@countb=\count291
\c@pgf@countc=\count292
\c@pgf@countd=\count293
\t@pgf@toka=\toks38
\t@pgf@tokb=\toks39
\t@pgf@tokc=\toks40
\pgf@sys@id@count=\count294
 (/usr/share/texlive/texmf-dist/tex/generic/pgf/systemlayer/pgf.cfg
File: pgf.cfg 2023-01-15 v3.1.10 (3.1.10)
)
Driver file for pgf: pgfsys-pdftex.def
(/usr/share/texlive/texmf-dist/tex/generic/pgf/systemlayer/pgfsys-pdftex.def
File: pgfsys-pdftex.def 2023-01-15 v3.1.10 (3.1.10)

(/usr/share/texlive/texmf-dist/tex/generic/pgf/systemlayer/pgfsys-common-pdf.de
f
File: pgfsys-common-pdf.def 2023-01-15 v3.1.10 (3.1.10)
)))
(/usr/share/texlive/texmf-dist/tex/generic/pgf/systemlayer/pgfsyssoftpath.code.
tex
File: pgfsyssoftpath.code.tex 2023-01-15 v3.1.10 (3.1.10)
\pgfsyssoftpath@smallbuffer@items=\count295
\pgfsyssoftpath@bigbuffer@items=\count296
)
(/usr/share/texlive/texmf-dist/tex/generic/pgf/systemlayer/pgfsysprotocol.code.
tex
File: pgfsysprotocol.code.tex 2023-01-15 v3.1.10 (3.1.10)
)) (/usr/share/texlive/texmf-dist/tex/latex/xcolor/xcolor.sty
Package: xcolor 2023/11/15 v3.01 LaTeX color extensions (UK)

(/usr/share/texlive/texmf-dist/tex/latex/graphics-cfg/color.cfg
File: color.cfg 2016/01/02 v1.6 sample color configuration
)
Package xcolor Info: Driver file: pdftex.def on input line 274.

(/usr/share/texlive/texmf-dist/tex/latex/graphics/mathcolor.ltx)
Package xcolor Info: Model `cmy' substituted by `cmy0' on input line 1350.
Package xcolor Info: Model `hsb' substituted by `rgb' on input line 1354.
Package xcolor Info: Model `RGB' extended on input line 1366.
Package xcolor Info: Model `HTML' substituted by `rgb' on input line 1368.
Package xcolor Info: Model `Hsb' substituted by `hsb' on input line 1369.
Package xcolor Info: Model `tHsb' substituted by `hsb' on input line 1370.
Package xcolor Info: Model `HSB' substituted by `hsb' on input line 1371.
Package xcolor Info: Model `Gray' substituted by `gray' on input line 1372.
Package xcolor Info: Model `wave' substituted by `hsb' on input line 1373.
)
(/usr/share/texlive/texmf-dist/tex/generic/pgf/basiclayer/pgfcore.code.tex
Package: pgfcore 2023-01-15 v3.1.10 (3.1.10)

(/usr/share/texlive/texmf-dist/tex/generic/pgf/math/pgfmath.code.tex
(/usr/share/texlive/texmf-dist/tex/generic/pgf/math/pgfmathutil.code.tex)
(/usr/share/texlive/texmf-dist/tex/generic/pgf/math/pgfmathparser.code.tex
\pgfmath@dimen=\dimen186
\pgfmath@count=\count297
\pgfmath@box=\box59
\pgfmath@toks=\toks41
\pgfmath@stack@operand=\toks42
\pgfmath@stack@operation=\toks43
)
(/usr/share/texlive/texmf-dist/tex/generic/pgf/math/pgfmathfunctions.code.tex)
(/usr/share/texlive/texmf-dist/tex/generic/pgf/math/pgfmathfunctions.basic.code
.tex)
(/usr/share/texlive/texmf-dist/tex/generic/pgf/math/pgfmathfunctions.trigonomet
ric.code.tex)
(/usr/share/texlive/texmf-dist/tex/generic/pgf/math/pgfmathfunctions.random.cod
e.tex)
(/usr/share/texlive/texmf-dist/tex/generic/pgf/math/pgfmathfunctions.comparison
.code.tex)
(/usr/share/texlive/texmf-dist/tex/generic/pgf/math/pgfmathfunctions.base.code.
tex)
(/usr/share/texlive/texmf-dist/tex/generic/pgf/math/pgfmathfunctions.round.code
.tex)
(/usr/share/texlive/texmf-dist/tex/generic/pgf/math/pgfmathfunctions.misc.code.
tex)
(/usr/share/texlive/texmf-dist/tex/generic/pgf/math/pgfmathfunctions.integerari
thmetics.code.tex)
(/usr/share/texlive/texmf-dist/tex/generic/pgf/math/pgfmathcalc.code.tex)
(/usr/share/texlive/texmf-dist/tex/generic/pgf/math/pgfmathfloat.code.tex
\c@pgfmathroundto@lastzeros=\count298
))
(/usr/share/texlive/texmf-dist/tex/generic/pgf/math/pgfint.code.tex)
(/usr/share/texlive/texmf-dist/tex/generic/pgf/basiclayer/pgfcorepoints.code.te
x
File: pgfcorepoints.code.tex 2023-01-15 v3.1.10 (3.1.10)
\pgf@picminx=\dimen187
\pgf@picmaxx=\dimen188
\pgf@picminy=\dimen189
\pgf@picmaxy=\dimen190
\pgf@pathminx=\dimen191
\pgf@pathmaxx=\dimen192
\pgf@pathminy=\dimen193
\pgf@pathmaxy=\dimen194
\pgf@xx=\dimen195
\pgf@xy=\dimen196
\pgf@yx=\dimen197
\pgf@yy=\dimen198
\pgf@zx=\dimen199
\pgf@zy=\dimen256
)
(/usr/share/texlive/texmf-dist/tex/generic/pgf/basiclayer/pgfcorepathconstruct.
code.tex
File: pgfcorepathconstruct.code.tex 2023-01-15 v3.1.10 (3.1.10)
\pgf@path@lastx=\dimen257
\pgf@path@lasty=\dimen258
)
(/usr/share/texlive/texmf-dist/tex/generic/pgf/basiclayer/pgfcorepathusage.code
.tex
File: pgfcorepathusage.code.tex 2023-01-15 v3.1.10 (3.1.10)
\pgf@shorten@end@additional=\dimen259
\pgf@shorten@start@additional=\dimen260
)
(/usr/share/texlive/texmf-dist/tex/generic/pgf/basiclayer/pgfcorescopes.code.te
x
File: pgfcorescopes.code.tex 2023-01-15 v3.1.10 (3.1.10)
\pgfpic=\box60
\pgf@hbox=\box61
\pgf@layerbox@main=\box62
\pgf@picture@serial@count=\count299
)
(/usr/share/texlive/texmf-dist/tex/generic/pgf/basiclayer/pgfcoregraphicstate.c
ode.tex
File: pgfcoregraphicstate.code.tex 2023-01-15 v3.1.10 (3.1.10)
\pgflinewidth=\dimen261
)
(/usr/share/texlive/texmf-dist/tex/generic/pgf/basiclayer/pgfcoretransformation
s.code.tex
File: pgfcoretransformations.code.tex 2023-01-15 v3.1.10 (3.1.10)
\pgf@pt@x=\dimen262
\pgf@pt@y=\dimen263
\pgf@pt@temp=\dimen264
)
(/usr/share/texlive/texmf-dist/tex/generic/pgf/basiclayer/pgfcorequick.code.tex
File: pgfcorequick.code.tex 2023-01-15 v3.1.10 (3.1.10)
)
(/usr/share/texlive/texmf-dist/tex/generic/pgf/basiclayer/pgfcoreobjects.code.t
ex
File: pgfcoreobjects.code.tex 2023-01-15 v3.1.10 (3.1.10)
)
(/usr/share/texlive/texmf-dist/tex/generic/pgf/basiclayer/pgfcorepathprocessing
.code.tex
File: pgfcorepathprocessing.code.tex 2023-01-15 v3.1.10 (3.1.10)
)
(/usr/share/texlive/texmf-dist/tex/generic/pgf/basiclayer/pgfcorearrows.code.te
x
File: pgfcorearrows.code.tex 2023-01-15 v3.1.10 (3.1.10)
\pgfarrowsep=\dimen265
)
(/usr/share/texlive/texmf-dist/tex/generic/pgf/basiclayer/pgfcoreshade.code.tex
File: pgfcoreshade.code.tex 2023-01-15 v3.1.10 (3.1.10)
\pgf@max=\dimen266
\pgf@sys@shading@range@num=\count300
\pgf@shadingcount=\count301
)
(/usr/share/texlive/texmf-dist/tex/generic/pgf/basiclayer/pgfcoreimage.code.tex
File: pgfcoreimage.code.tex 2023-01-15 v3.1.10 (3.1.10)
)
(/usr/share/texlive/texmf-dist/tex/generic/pgf/basiclayer/pgfcoreexternal.code.
tex
File: pgfcoreexternal.code.tex 2023-01-15 v3.1.10 (3.1.10)
\pgfexternal@startupbox=\box63
)
(/usr/share/texlive/texmf-dist/tex/generic/pgf/basiclayer/pgfcorelayers.code.te
x
File: pgfcorelayers.code.tex 2023-01-15 v3.1.10 (3.1.10)
)
(/usr/share/texlive/texmf-dist/tex/generic/pgf/basiclayer/pgfcoretransparency.c
ode.tex
File: pgfcoretransparency.code.tex 2023-01-15 v3.1.10 (3.1.10)
)
(/usr/share/texlive/texmf-dist/tex/generic/pgf/basiclayer/pgfcorepatterns.code.
tex
File: pgfcorepatterns.code.tex 2023-01-15 v3.1.10 (3.1.10)
)
(/usr/share/texlive/texmf-dist/tex/generic/pgf/basiclayer/pgfcorerdf.code.tex
File: pgfcorerdf.code.tex 2023-01-15 v3.1.10 (3.1.10)
)))
(/usr/share/texlive/texmf-dist/tex/generic/pgf/modules/pgfmoduleshapes.code.tex
File: pgfmoduleshapes.code.tex 2023-01-15 v3.1.10 (3.1.10)
\pgfnodeparttextbox=\box64
) (/usr/share/texlive/texmf-dist/tex/generic/pgf/modules/pgfmoduleplot.code.tex
File: pgfmoduleplot.code.tex 2023-01-15 v3.1.10 (3.1.10)
)
(/usr/share/texlive/texmf-dist/tex/latex/pgf/compatibility/pgfcomp-version-0-65
.sty
Package: pgfcomp-version-0-65 2023-01-15 v3.1.10 (3.1.10)
\pgf@nodesepstart=\dimen267
\pgf@nodesepend=\dimen268
)
(/usr/share/texlive/texmf-dist/tex/latex/pgf/compatibility/pgfcomp-version-1-18
.sty
Package: pgfcomp-version-1-18 2023-01-15 v3.1.10 (3.1.10)
)) (/usr/share/texlive/texmf-dist/tex/latex/pgf/utilities/pgffor.sty
(/usr/share/texlive/texmf-dist/tex/latex/pgf/utilities/pgfkeys.sty
(/usr/share/texlive/texmf-dist/tex/generic/pgf/utilities/pgfkeys.code.tex))
(/usr/share/texlive/texmf-dist/tex/latex/pgf/math/pgfmath.sty
(/usr/share/texlive/texmf-dist/tex/generic/pgf/math/pgfmath.code.tex))
(/usr/share/texlive/texmf-dist/tex/generic/pgf/utilities/pgffor.code.tex
Package: pgffor 2023-01-15 v3.1.10 (3.1.10)
\pgffor@iter=\dimen269
\pgffor@skip=\dimen270
\pgffor@stack=\toks44
\pgffor@toks=\toks45
))
(/usr/share/texlive/texmf-dist/tex/generic/pgf/frontendlayer/tikz/tikz.code.tex
Package: tikz 2023-01-15 v3.1.10 (3.1.10)

(/usr/share/texlive/texmf-dist/tex/generic/pgf/libraries/pgflibraryplothandlers
.code.tex
File: pgflibraryplothandlers.code.tex 2023-01-15 v3.1.10 (3.1.10)
\pgf@plot@mark@count=\count302
\pgfplotmarksize=\dimen271
)
\tikz@lastx=\dimen272
\tikz@lasty=\dimen273
\tikz@lastxsaved=\dimen274
\tikz@lastysaved=\dimen275
\tikz@lastmovetox=\dimen276
\tikz@lastmovetoy=\dimen277
\tikzleveldistance=\dimen278
\tikzsiblingdistance=\dimen279
\tikz@figbox=\box65
\tikz@figbox@bg=\box66
\tikz@tempbox=\box67
\tikz@tempbox@bg=\box68
\tikztreelevel=\count303
\tikznumberofchildren=\count304
\tikznumberofcurrentchild=\count305
\tikz@fig@count=\count306

(/usr/share/texlive/texmf-dist/tex/generic/pgf/modules/pgfmodulematrix.code.tex
File: pgfmodulematrix.code.tex 2023-01-15 v3.1.10 (3.1.10)
\pgfmatrixcurrentrow=\count307
\pgfmatrixcurrentcolumn=\count308
\pgf@matrix@numberofcolumns=\count309
)
\tikz@expandcount=\count310

(/usr/share/texlive/texmf-dist/tex/generic/pgf/frontendlayer/tikz/libraries/tik
zlibrarytopaths.code.tex
File: tikzlibrarytopaths.code.tex 2023-01-15 v3.1.10 (3.1.10)
)))
(/usr/share/texlive/texmf-dist/tex/generic/iftex/ifluatex.sty
Package: ifluatex 2019/10/25 v1.5 ifluatex legacy package. Use iftex instead.

(/usr/share/texlive/texmf-dist/tex/generic/iftex/iftex.sty
Package: iftex 2022/02/03 v1.0f TeX engine tests
))
(/usr/share/texlive/texmf-dist/tex/latex/pgfopts/pgfopts.sty
Package: pgfopts 2014/07/10 v2.1a LaTeX package options with pgfkeys
\pgfopts@list@add@a@toks=\toks46
\pgfopts@list@add@b@toks=\toks47
)
(/usr/share/texlive/texmf-dist/tex/latex/tikz-feynman/tikzlibraryfeynman.code.t
ex
(/usr/share/texlive/texmf-dist/tex/generic/pgf/libraries/pgflibraryarrows.meta.
code.tex
File: pgflibraryarrows.meta.code.tex 2023-01-15 v3.1.10 (3.1.10)
\pgfarrowinset=\dimen280
\pgfarrowlength=\dimen281
\pgfarrowwidth=\dimen282
\pgfarrowlinewidth=\dimen283
)
(/usr/share/texlive/texmf-dist/tex/generic/pgf/frontendlayer/tikz/libraries/tik
zlibrarycalc.code.tex
File: tikzlibrarycalc.code.tex 2023-01-15 v3.1.10 (3.1.10)
)
(/usr/share/texlive/texmf-dist/tex/generic/pgf/frontendlayer/tikz/libraries/tik
zlibrarydecorations.code.tex
(/usr/share/texlive/texmf-dist/tex/generic/pgf/modules/pgfmoduledecorations.cod
e.tex
\pgfdecoratedcompleteddistance=\dimen284
\pgfdecoratedremainingdistance=\dimen285
\pgfdecoratedinputsegmentcompleteddistance=\dimen286
\pgfdecoratedinputsegmentremainingdistance=\dimen287
\pgf@decorate@distancetomove=\dimen288
\pgf@decorate@repeatstate=\count311
\pgfdecorationsegmentamplitude=\dimen289
\pgfdecorationsegmentlength=\dimen290
)
\tikz@lib@dec@box=\box69
)
(/usr/share/texlive/texmf-dist/tex/generic/pgf/frontendlayer/tikz/libraries/tik
zlibrarydecorations.markings.code.tex
(/usr/share/texlive/texmf-dist/tex/generic/pgf/libraries/decorations/pgflibrary
decorations.markings.code.tex))
(/usr/share/texlive/texmf-dist/tex/generic/pgf/frontendlayer/tikz/libraries/tik
zlibrarydecorations.pathmorphing.code.tex
(/usr/share/texlive/texmf-dist/tex/generic/pgf/libraries/decorations/pgflibrary
decorations.pathmorphing.code.tex))
(/usr/share/texlive/texmf-dist/tex/generic/pgf/frontendlayer/tikz/libraries/tik
zlibrarydecorations.pathreplacing.code.tex
(/usr/share/texlive/texmf-dist/tex/generic/pgf/libraries/decorations/pgflibrary
decorations.pathreplacing.code.tex))
(/usr/share/texlive/texmf-dist/tex/generic/pgf/frontendlayer/tikz/libraries/gra
phs/tikzlibrarygraphs.code.tex
File: tikzlibrarygraphs.code.tex 2023-01-15 v3.1.10 (3.1.10)
\tikz@lib@auto@number=\count312
\tikz@qnode@count=\count313
)
(/usr/share/texlive/texmf-dist/tex/generic/pgf/frontendlayer/tikz/libraries/tik
zlibrarypatterns.code.tex
File: tikzlibrarypatterns.code.tex 2023-01-15 v3.1.10 (3.1.10)

(/usr/share/texlive/texmf-dist/tex/generic/pgf/libraries/pgflibrarypatterns.cod
e.tex
File: pgflibrarypatterns.code.tex 2023-01-15 v3.1.10 (3.1.10)
))
(/usr/share/texlive/texmf-dist/tex/generic/pgf/frontendlayer/tikz/libraries/tik
zlibrarypositioning.code.tex
File: tikzlibrarypositioning.code.tex 2023-01-15 v3.1.10 (3.1.10)
)
(/usr/share/texlive/texmf-dist/tex/generic/pgf/frontendlayer/tikz/libraries/tik
zlibraryshapes.geometric.code.tex
File: tikzlibraryshapes.geometric.code.tex 2023-01-15 v3.1.10 (3.1.10)

(/usr/share/texlive/texmf-dist/tex/generic/pgf/libraries/shapes/pgflibraryshape
s.geometric.code.tex
File: pgflibraryshapes.geometric.code.tex 2023-01-15 v3.1.10 (3.1.10)
))
(/usr/share/texlive/texmf-dist/tex/latex/tikz-feynman/tikzfeynman.keys.code.tex
))) (/usr/share/texlive/texmf-dist/tex/latex/contour/contour.sty
Package: contour 2004/11/18 v2.14 Print contoured text (HH, MH)
\con@length=\skip64

Loading configuration file `contour.cfg'.
(/usr/share/texlive/texmf-dist/tex/latex/contour/contour.cfg
File: contour.cfg 2004/11/18 v2.14 Print contoured text (HH, MH)
)
contour: Using driver file `pdftex.cnt'.
(/usr/share/texlive/texmf-dist/tex/latex/contour/pdftex.cnt
File: pdftex.cnt 2004/11/18 v2.14 Print contoured text (HH, MH)
))
(/usr/share/texlive/texmf-dist/tex/latex/breqn/breqn.sty
(/usr/share/texlive/texmf-dist/tex/latex/l3kernel/expl3.sty
Package: expl3 2024-01-22 L3 programming layer (loader) 

(/usr/share/texlive/texmf-dist/tex/latex/l3backend/l3backend-pdftex.def
File: l3backend-pdftex.def 2024-01-04 L3 backend support: PDF output (pdfTeX)
\l__color_backend_stack_int=\count314
\l__pdf_internal_box=\box70
))
Package: breqn 2021/10/28 v0.98l Breaking equations

(/usr/share/texlive/texmf-dist/tex/latex/breqn/flexisym.sty
Package: flexisym 2021/10/28 v0.98l Make math characters macros
LaTeX Info: Redefining \textprime on input line 299.
LaTeX Info: Redefining \not on input line 357.

(/usr/share/texlive/texmf-dist/tex/latex/breqn/cmbase.sym
File: cmbase.sym 2007/12/19 v0.92
LaTeX Info: Redefining \hbar on input line 324.
LaTeX Info: Redefining \surd on input line 326.
LaTeX Info: Redefining \angle on input line 334.
LaTeX Info: Redefining \neq on input line 335.
LaTeX Info: Redefining \mapsto on input line 336.
LaTeX Info: Redefining \cong on input line 337.
LaTeX Info: Redefining \notin on input line 340.
LaTeX Info: Redefining \rightleftharpoons on input line 341.
LaTeX Info: Redefining \doteq on input line 342.
LaTeX Info: Redefining \hookrightarrow on input line 343.
LaTeX Info: Redefining \hookleftarrow on input line 344.
LaTeX Info: Redefining \bowtie on input line 345.
LaTeX Info: Redefining \models on input line 346.
LaTeX Info: Redefining \Longrightarrow on input line 347.
LaTeX Info: Redefining \longrightarrow on input line 348.
LaTeX Info: Redefining \Longleftarrow on input line 349.
LaTeX Info: Redefining \longleftarrow on input line 350.
LaTeX Info: Redefining \longmapsto on input line 351.
LaTeX Info: Redefining \longleftrightarrow on input line 352.
LaTeX Info: Redefining \Longleftrightarrow on input line 353.
LaTeX Info: Redefining \cdots on input line 357.
LaTeX Info: Redefining \vdots on input line 360.
LaTeX Info: Redefining \ddots on input line 365.
)
(/usr/share/texlive/texmf-dist/tex/latex/breqn/mathstyle.sty
Package: mathstyle 2021/10/28 v0.98l Tracking mathstyle implicitly
LaTeX Info: Redefining \displaystyle on input line 95.
LaTeX Info: Redefining \textstyle on input line 97.
LaTeX Info: Redefining \scriptstyle on input line 99.
LaTeX Info: Redefining \scriptscriptstyle on input line 101.
LaTeX Info: Redefining \genfrac on input line 149.
))
\inf@bad=\count315
\maxint=\count316
\listwidth=\dimen291
\eqnumsep=\dimen292
\eqmargin=\dimen293
\eqlinespacing=\skip65
\eqlineskip=\skip66
\eqlineskiplimit=\dimen294
\eqbinoffset=\muskip17
\eqdelimoffset=\muskip18
\eqindentstep=\dimen295
\eqstyle=\toks48
\eqbreakdepth=\count317
\eqinterlinepenalty=\count318
\intereqpenalty=\count319
\intereqskip=\skip67
\prerelpenalty=\count320
\prebinoppenalty=\count321
\Dmedmuskip=\muskip19
\Dthickmuskip=\muskip20
\eqleftskip=\skip68
\eqrightskip=\skip69
\eq@vspan=\skip70
\eq@binoffset=\muskip21
\EQ@box=\box71
\EQ@copy=\box72
\EQ@numbox=\box73
\eq@wdNum=\dimen296
\GRP@numbox=\box74
\grp@wdNum=\dimen297
\eq@lines=\count322
\eq@curline=\count323
\eq@badness=\count324
\EQ@vims=\count325
\eq@dp=\dimen298
\eq@wdL=\dimen299
\eq@wdT=\dimen300
\eq@wdMin=\dimen301
\grp@wdL=\dimen302
\grp@wdR=\dimen303
\grp@wdT=\dimen304
\eq@wdRmax=\dimen305
\eq@firstht=\dimen306
\eq@wdCond=\dimen307
\eq@indentstep=\dimen308
\eq@linewidth=\dimen309
\grp@linewidth=\dimen310
\eq@hshift=\dimen311
\eq@given@sidespace=\dimen312
\mathindent=\dimen313
\eq@final@linecount=\count326
\eq@wdR=\dimen314
\EQ@continue=\toks49
\lr@level=\count327
\GRP@queue=\toks50
\GRP@box=\box75
\GRP@wholebox=\box76
\darraycolsep=\skip71
\cur@row=\count328
\cur@col=\count329
\conditionsep=\skip72
)
(/usr/share/texlive/texmf-dist/tex/latex/units/units.sty
Package: units 1998/08/04 v0.9b Typesetting units

(/usr/share/texlive/texmf-dist/tex/latex/units/nicefrac.sty
Package: nicefrac 1998/08/04 v0.9b Nice fractions
\L@UnitsRaiseDisplaystyle=\skip73
\L@UnitsRaiseTextstyle=\skip74
\L@UnitsRaiseScriptstyle=\skip75
))
(/usr/share/texlive/texmf-dist/tex/latex/multirow/multirow.sty
Package: multirow 2021/03/15 v2.8 Span multiple rows of a table
\multirow@colwidth=\skip76
\multirow@cntb=\count330
\multirow@dima=\skip77
\bigstrutjot=\dimen315
)
(/usr/share/texlive/texmf-dist/tex/latex/colortbl/colortbl.sty
Package: colortbl 2022/06/20 v1.0f Color table columns (DPC)

(/usr/share/texlive/texmf-dist/tex/latex/tools/array.sty
Package: array 2023/10/16 v2.5g Tabular extension package (FMi)
\col@sep=\dimen316
\ar@mcellbox=\box77
\extrarowheight=\dimen317
\NC@list=\toks51
\extratabsurround=\skip78
\backup@length=\skip79
\ar@cellbox=\box78
)
\everycr=\toks52
\minrowclearance=\skip80
\rownum=\count331
)
(/usr/share/texlive/texmf-dist/tex/latex/pdflscape/pdflscape.sty
Package: pdflscape 2022-10-27 v0.13 Display of landscape pages in PDF

(/usr/share/texlive/texmf-dist/tex/latex/pdflscape/pdflscape-nometadata.sty
Package: pdflscape-nometadata 2022-10-28 v0.13 Display of landscape pages in PD
F (HO)

(/usr/share/texlive/texmf-dist/tex/latex/graphics/lscape.sty
Package: lscape 2020/05/28 v3.02 Landscape Pages (DPC)
)
Package pdflscape Info: Auto-detected driver: pdftex on input line 81.
))
(/usr/share/texlive/texmf-dist/tex/latex/url/url.sty
\Urlmuskip=\muskip22
Package: url 2013/09/16  ver 3.4  Verb mode for urls, etc.
)
(/usr/share/texlive/texmf-dist/tex/latex/caption/subcaption.sty
Package: subcaption 2023/07/28 v1.6b Sub-captions (AR)

(/usr/share/texlive/texmf-dist/tex/latex/caption/caption.sty
Package: caption 2023/08/05 v3.6o Customizing captions (AR)

(/usr/share/texlive/texmf-dist/tex/latex/caption/caption3.sty
Package: caption3 2023/07/31 v2.4d caption3 kernel (AR)
\caption@tempdima=\dimen318
\captionmargin=\dimen319
\caption@leftmargin=\dimen320
\caption@rightmargin=\dimen321
\caption@width=\dimen322
\caption@indent=\dimen323
\caption@parindent=\dimen324
\caption@hangindent=\dimen325
Package caption Info: Standard document class detected.
)
\c@caption@flags=\count332
\c@continuedfloat=\count333
Package caption Info: rotating package is loaded.
)
Package caption Info: New subtype `subfigure' on input line 238.
\c@subfigure=\count334
Package caption Info: New subtype `subtable' on input line 238.
\c@subtable=\count335
)
(/usr/share/texlive/texmf-dist/tex/latex/placeins/placeins.sty
Package: placeins 2005/04/18  v 2.2
)
(/usr/share/texlive/texmf-dist/tex/latex/tools/tabularx.sty
Package: tabularx 2023/07/08 v2.11c `tabularx' package (DPC)
\TX@col@width=\dimen326
\TX@old@table=\dimen327
\TX@old@col=\dimen328
\TX@target=\dimen329
\TX@delta=\dimen330
\TX@cols=\count336
\TX@ftn=\toks53
)
(/usr/share/texlive/texmf-dist/tex/latex/doi/doi.sty
Package: doi 2018/09/09 handle doi numbers

(/usr/share/texlive/texmf-dist/tex/latex/hyperref/hyperref.sty
Package: hyperref 2024-01-20 v7.01h Hypertext links for LaTeX

(/usr/share/texlive/texmf-dist/tex/generic/kvdefinekeys/kvdefinekeys.sty
Package: kvdefinekeys 2019-12-19 v1.6 Define keys (HO)
)
(/usr/share/texlive/texmf-dist/tex/generic/pdfescape/pdfescape.sty
Package: pdfescape 2019/12/09 v1.15 Implements pdfTeX's escape features (HO)

(/usr/share/texlive/texmf-dist/tex/generic/pdftexcmds/pdftexcmds.sty
Package: pdftexcmds 2020-06-27 v0.33 Utility functions of pdfTeX for LuaTeX (HO
)

(/usr/share/texlive/texmf-dist/tex/generic/infwarerr/infwarerr.sty
Package: infwarerr 2019/12/03 v1.5 Providing info/warning/error messages (HO)
)
Package pdftexcmds Info: \pdf@primitive is available.
Package pdftexcmds Info: \pdf@ifprimitive is available.
Package pdftexcmds Info: \pdfdraftmode found.
))
(/usr/share/texlive/texmf-dist/tex/latex/hycolor/hycolor.sty
Package: hycolor 2020-01-27 v1.10 Color options for hyperref/bookmark (HO)
)
(/usr/share/texlive/texmf-dist/tex/latex/auxhook/auxhook.sty
Package: auxhook 2019-12-17 v1.6 Hooks for auxiliary files (HO)
)
(/usr/share/texlive/texmf-dist/tex/latex/hyperref/nameref.sty
Package: nameref 2023-11-26 v2.56 Cross-referencing by name of section

(/usr/share/texlive/texmf-dist/tex/latex/refcount/refcount.sty
Package: refcount 2019/12/15 v3.6 Data extraction from label references (HO)
)
(/usr/share/texlive/texmf-dist/tex/generic/gettitlestring/gettitlestring.sty
Package: gettitlestring 2019/12/15 v1.6 Cleanup title references (HO)
)
\c@section@level=\count337
)
\@linkdim=\dimen331
\Hy@linkcounter=\count338
\Hy@pagecounter=\count339

(/usr/share/texlive/texmf-dist/tex/latex/hyperref/pd1enc.def
File: pd1enc.def 2024-01-20 v7.01h Hyperref: PDFDocEncoding definition (HO)
Now handling font encoding PD1 ...
... no UTF-8 mapping file for font encoding PD1
)
(/usr/share/texlive/texmf-dist/tex/generic/intcalc/intcalc.sty
Package: intcalc 2019/12/15 v1.3 Expandable calculations with integers (HO)
)
\Hy@SavedSpaceFactor=\count340

(/usr/share/texlive/texmf-dist/tex/latex/hyperref/puenc.def
File: puenc.def 2024-01-20 v7.01h Hyperref: PDF Unicode definition (HO)
Now handling font encoding PU ...
... no UTF-8 mapping file for font encoding PU
)
Package hyperref Info: Hyper figures OFF on input line 4179.
Package hyperref Info: Link nesting OFF on input line 4184.
Package hyperref Info: Hyper index ON on input line 4187.
Package hyperref Info: Plain pages OFF on input line 4194.
Package hyperref Info: Backreferencing OFF on input line 4199.
Package hyperref Info: Implicit mode ON; LaTeX internals redefined.
Package hyperref Info: Bookmarks ON on input line 4446.
\c@Hy@tempcnt=\count341
LaTeX Info: Redefining \url on input line 4784.
\XeTeXLinkMargin=\dimen332

(/usr/share/texlive/texmf-dist/tex/generic/bitset/bitset.sty
Package: bitset 2019/12/09 v1.3 Handle bit-vector datatype (HO)

(/usr/share/texlive/texmf-dist/tex/generic/bigintcalc/bigintcalc.sty
Package: bigintcalc 2019/12/15 v1.5 Expandable calculations on big integers (HO
)
))
\Fld@menulength=\count342
\Field@Width=\dimen333
\Fld@charsize=\dimen334
Package hyperref Info: Hyper figures OFF on input line 6063.
Package hyperref Info: Link nesting OFF on input line 6068.
Package hyperref Info: Hyper index ON on input line 6071.
Package hyperref Info: backreferencing OFF on input line 6078.
Package hyperref Info: Link coloring OFF on input line 6083.
Package hyperref Info: Link coloring with OCG OFF on input line 6088.
Package hyperref Info: PDF/A mode OFF on input line 6093.

(/usr/share/texlive/texmf-dist/tex/latex/base/atbegshi-ltx.sty
Package: atbegshi-ltx 2021/01/10 v1.0c Emulation of the original atbegshi
package with kernel methods
)
\Hy@abspage=\count343
\c@Item=\count344
\c@Hfootnote=\count345
)
Package hyperref Info: Driver (autodetected): hpdftex.

(/usr/share/texlive/texmf-dist/tex/latex/hyperref/hpdftex.def
File: hpdftex.def 2024-01-20 v7.01h Hyperref driver for pdfTeX

(/usr/share/texlive/texmf-dist/tex/latex/base/atveryend-ltx.sty
Package: atveryend-ltx 2020/08/19 v1.0a Emulation of the original atveryend pac
kage
with kernel methods
)
\Fld@listcount=\count346
\c@bookmark@seq@number=\count347

(/usr/share/texlive/texmf-dist/tex/latex/rerunfilecheck/rerunfilecheck.sty
Package: rerunfilecheck 2022-07-10 v1.10 Rerun checks for auxiliary files (HO)

(/usr/share/texlive/texmf-dist/tex/generic/uniquecounter/uniquecounter.sty
Package: uniquecounter 2019/12/15 v1.4 Provide unlimited unique counter (HO)
)
Package uniquecounter Info: New unique counter `rerunfilecheck' on input line 2
85.
)
\Hy@SectionHShift=\skip81
))
(/usr/share/texlive/texmf-dist/tex/latex/geometry/geometry.sty
Package: geometry 2020/01/02 v5.9 Page Geometry

(/usr/share/texlive/texmf-dist/tex/generic/iftex/ifvtex.sty
Package: ifvtex 2019/10/25 v1.7 ifvtex legacy package. Use iftex instead.
)
\Gm@cnth=\count348
\Gm@cntv=\count349
\c@Gm@tempcnt=\count350
\Gm@bindingoffset=\dimen335
\Gm@wd@mp=\dimen336
\Gm@odd@mp=\dimen337
\Gm@even@mp=\dimen338
\Gm@layoutwidth=\dimen339
\Gm@layoutheight=\dimen340
\Gm@layouthoffset=\dimen341
\Gm@layoutvoffset=\dimen342
\Gm@dimlist=\toks54
)
(/usr/share/texlive/texmf-dist/tex/latex/fancyhdr/fancyhdr.sty
Package: fancyhdr 2022/11/09 v4.1 Extensive control of page headers and footers

\f@nch@headwidth=\skip82
\f@nch@O@elh=\skip83
\f@nch@O@erh=\skip84
\f@nch@O@olh=\skip85
\f@nch@O@orh=\skip86
\f@nch@O@elf=\skip87
\f@nch@O@erf=\skip88
\f@nch@O@olf=\skip89
\f@nch@O@orf=\skip90
)
(/usr/share/texlive/texmf-dist/tex/latex/glossaries/base/glossaries.sty
Package: glossaries 2023/09/29 v4.53 (NLCT)

(/usr/share/texlive/texmf-dist/tex/latex/xkeyval/xkeyval.sty
Package: xkeyval 2022/06/16 v2.9 package option processing (HA)

(/usr/share/texlive/texmf-dist/tex/generic/xkeyval/xkeyval.tex
(/usr/share/texlive/texmf-dist/tex/generic/xkeyval/xkvutils.tex
\XKV@toks=\toks55
\XKV@tempa@toks=\toks56
)
\XKV@depth=\count351
File: xkeyval.tex 2014/12/03 v2.7a key=value parser (HA)
))
(/usr/share/texlive/texmf-dist/tex/latex/mfirstuc/mfirstuc.sty
Package: mfirstuc 2022/10/14 v2.08 (NLCT)
\@glsmfirst=\toks57
\@glsmrest=\toks58
)
(/usr/share/texlive/texmf-dist/tex/latex/xfor/xfor.sty
Package: xfor 2009/02/05 v1.05 (NLCT)
)
(/usr/share/texlive/texmf-dist/tex/latex/datatool/datatool-base.sty
Package: datatool-base 2019/09/27 v2.32 (NLCT)

(/usr/share/texlive/texmf-dist/tex/latex/substr/substr.sty
Package: substr 2009/10/20 v1.2 Handle substrings
\c@su@anzahl=\count352
)
(/usr/share/texlive/texmf-dist/tex/latex/datatool/datatool-fp.sty
Package: datatool-fp 2019/09/27 v2.32 (NLCT)

(/usr/share/texlive/texmf-dist/tex/latex/fp/fp.sty
Package: fp 1995/04/02

`Fixed Point Package', Version 0.8, April 2, 1995 (C) Michael Mehlich
(/usr/share/texlive/texmf-dist/tex/latex/fp/defpattern.sty
Package: defpattern 1994/10/12
\actioncount=\count353
)
(/usr/share/texlive/texmf-dist/tex/latex/fp/fp-basic.sty
Package: fp-basic 1996/05/13
\FP@xs=\count354
\FP@xia=\count355
\FP@xib=\count356
\FP@xfa=\count357
\FP@xfb=\count358
\FP@rega=\count359
\FP@regb=\count360
\FP@regs=\count361
\FP@times=\count362
)
(/usr/share/texlive/texmf-dist/tex/latex/fp/fp-addons.sty
Package: fp-addons 1995/03/15
)
(/usr/share/texlive/texmf-dist/tex/latex/fp/fp-snap.sty
Package: fp-snap 1995/04/05
)
(/usr/share/texlive/texmf-dist/tex/latex/fp/fp-exp.sty
Package: fp-exp 1995/04/03
)
(/usr/share/texlive/texmf-dist/tex/latex/fp/fp-trigo.sty
Package: fp-trigo 1995/04/14
)
(/usr/share/texlive/texmf-dist/tex/latex/fp/fp-pas.sty
Package: fp-pas 1994/08/29
)
(/usr/share/texlive/texmf-dist/tex/latex/fp/fp-random.sty
Package: fp-random 1995/02/23
\FPseed=\count363
)
(/usr/share/texlive/texmf-dist/tex/latex/fp/fp-eqn.sty
Package: fp-eqn 1995/04/03
)
(/usr/share/texlive/texmf-dist/tex/latex/fp/fp-upn.sty
Package: fp-upn 1996/10/21
)
(/usr/share/texlive/texmf-dist/tex/latex/fp/fp-eval.sty
Package: fp-eval 1995/04/03
)))
\@dtl@toks=\toks59
\@dtl@tmpcount=\count364
\dtl@tmplength=\skip91
\dtl@sortresult=\count365
\@dtl@numgrpsepcount=\count366
\@dtl@datatype=\count367
\dtl@codeA=\count368
\dtl@codeB=\count369
\@dtl@foreach@level=\count370
)
\gls@level=\count371
\@gls@tmpb=\toks60
\gls@tmplen=\skip92
\glskeylisttok=\toks61
\glslabeltok=\toks62
\glsshorttok=\toks63
\glslongtok=\toks64

(/usr/share/texlive/texmf-dist/tex/latex/glossaries/styles/glossary-hypernav.st
y
Package: glossary-hypernav 2023/09/29 v4.53 (NLCT)
) (/usr/share/texlive/texmf-dist/tex/latex/glossaries/styles/glossary-list.sty
Package: glossary-list 2023/09/29 v4.53 (NLCT)
\glslistdottedwidth=\skip93
) (/usr/share/texlive/texmf-dist/tex/latex/glossaries/styles/glossary-long.sty
Package: glossary-long 2023/09/29 v4.53 (NLCT)

(/usr/share/texlive/texmf-dist/tex/latex/tools/longtable.sty
Package: longtable 2023-11-01 v4.19 Multi-page Table package (DPC)
\LTleft=\skip94
\LTright=\skip95
\LTpre=\skip96
\LTpost=\skip97
\LTchunksize=\count372
\LTcapwidth=\dimen343
\LT@head=\box79
\LT@firsthead=\box80
\LT@foot=\box81
\LT@lastfoot=\box82
\LT@gbox=\box83
\LT@cols=\count373
\LT@rows=\count374
\c@LT@tables=\count375
\c@LT@chunks=\count376
\LT@p@ftn=\toks65
)
\glsdescwidth=\skip98
\glspagelistwidth=\skip99
)
(/usr/share/texlive/texmf-dist/tex/latex/glossaries/styles/glossary-super.sty
Package: glossary-super 2023/09/29 v4.53 (NLCT)

(/usr/share/texlive/texmf-dist/tex/latex/supertabular/supertabular.sty
Package: supertabular 2020/02/02 v4.1g the supertabular environment
\c@tracingst=\count377
\ST@wd=\dimen344
\ST@rightskip=\skip100
\ST@leftskip=\skip101
\ST@parfillskip=\skip102
\ST@pageleft=\dimen345
\ST@headht=\dimen346
\ST@tailht=\dimen347
\ST@pagesofar=\dimen348
\ST@pboxht=\dimen349
\ST@lineht=\dimen350
\ST@prevht=\dimen351
\ST@toadd=\dimen352
\ST@dimen=\dimen353
\ST@pbox=\box84
))
(/usr/share/texlive/texmf-dist/tex/latex/glossaries/styles/glossary-tree.sty
Package: glossary-tree 2023/09/29 v4.53 (NLCT)
\glstreeindent=\skip103
))
(./glossary.tex)
\glswrite=\write4
\glo@main@file=\write5
\openout5 = `NeutrinoMagMomentTechnote.glo'.

Package glossaries Info: Writing glossary file NeutrinoMagMomentTechnote.glo on
 input line 38.
\glo@acronym@file=\write6
\openout6 = `NeutrinoMagMomentTechnote.acn'.

Package glossaries Info: Writing glossary file NeutrinoMagMomentTechnote.acn on
 input line 38.
Package hyperref Info: Option `colorlinks' set `true' on input line 55.
LaTeX Font Info:    Trying to load font information for T1+ptm on input line 61
.
 (/usr/share/texlive/texmf-dist/tex/latex/psnfss/t1ptm.fd
File: t1ptm.fd 2001/06/04 font definitions for T1/ptm.
)
(./NeutrinoMagMomentTechnote.aux)
\openout1 = `NeutrinoMagMomentTechnote.aux'.

LaTeX Font Info:    Checking defaults for OML/cmm/m/it on input line 61.
LaTeX Font Info:    ... okay on input line 61.
LaTeX Font Info:    Checking defaults for OMS/cmsy/m/n on input line 61.
LaTeX Font Info:    ... okay on input line 61.
LaTeX Font Info:    Checking defaults for OT1/cmr/m/n on input line 61.
LaTeX Font Info:    ... okay on input line 61.
LaTeX Font Info:    Checking defaults for T1/cmr/m/n on input line 61.
LaTeX Font Info:    ... okay on input line 61.
LaTeX Font Info:    Checking defaults for TS1/cmr/m/n on input line 61.
LaTeX Font Info:    ... okay on input line 61.
LaTeX Font Info:    Checking defaults for OMX/cmex/m/n on input line 61.
LaTeX Font Info:    ... okay on input line 61.
LaTeX Font Info:    Checking defaults for U/cmr/m/n on input line 61.
LaTeX Font Info:    ... okay on input line 61.
LaTeX Font Info:    Checking defaults for PD1/pdf/m/n on input line 61.
LaTeX Font Info:    ... okay on input line 61.
LaTeX Font Info:    Checking defaults for PU/pdf/m/n on input line 61.
LaTeX Font Info:    ... okay on input line 61.

(/usr/share/texlive/texmf-dist/tex/context/base/mkii/supp-pdf.mkii
[Loading MPS to PDF converter (version 2006.09.02).]
\scratchcounter=\count378
\scratchdimen=\dimen354
\scratchbox=\box85
\nofMPsegments=\count379
\nofMParguments=\count380
\everyMPshowfont=\toks66
\MPscratchCnt=\count381
\MPscratchDim=\dimen355
\MPnumerator=\count382
\makeMPintoPDFobject=\count383
\everyMPtoPDFconversion=\toks67
) (/usr/share/texlive/texmf-dist/tex/latex/epstopdf-pkg/epstopdf-base.sty
Package: epstopdf-base 2020-01-24 v2.11 Base part for package epstopdf
Package epstopdf-base Info: Redefining graphics rule for `.eps' on input line 4
85.

(/usr/share/texlive/texmf-dist/tex/latex/latexconfig/epstopdf-sys.cfg
File: epstopdf-sys.cfg 2010/07/13 v1.3 Configuration of (r)epstopdf for TeX Liv
e
))

Package tikz-feynman Warning: LuaTeX is required if you wish to have vertices a
utomatically placed. You can disable this warning by setting /tikzfeynman/warn 
luatex=false on input line 61.


Package tikz-feynman Warning: Consider loading TikZ-Feynman with \usepackage[co
mpat=1.1.0]{tikz-feynman} so that you can be warned if TikZ-Feynman changes. on
 input line 61.

Package caption Info: Begin \AtBeginDocument code.
Package caption Info: hyperref package is loaded.
Package caption Info: longtable package is loaded.
(/usr/share/texlive/texmf-dist/tex/latex/caption/ltcaption.sty
Package: ltcaption 2021/01/08 v1.4c longtable captions (AR)
)
Package caption Info: supertabular package is loaded.
Package caption Info: End \AtBeginDocument code.
Package hyperref Info: Link coloring ON on input line 61.

(./NeutrinoMagMomentTechnote.out) (./NeutrinoMagMomentTechnote.out)
\@outlinefile=\write7
\openout7 = `NeutrinoMagMomentTechnote.out'.


*geometry* driver: auto-detecting
*geometry* detected driver: pdftex
*geometry* verbose mode - [ preamble ] result:
* driver: pdftex
* paper: <default>
* layout: <same size as paper>
* layoutoffset:(h,v)=(0.0pt,0.0pt)
* modes: 
* h-part:(L,W,R)=(56.9055pt, 500.484pt, 56.9055pt)
* v-part:(T,H,B)=(65.0pt, 673.06448pt, 56.9055pt)
* \paperwidth=614.295pt
* \paperheight=794.96999pt
* \textwidth=500.484pt
* \textheight=673.06448pt
* \oddsidemargin=-15.36449pt
* \evensidemargin=-15.36449pt
* \topmargin=-82.26999pt
* \headheight=65.0pt
* \headsep=10.0pt
* \topskip=12.0pt
* \footskip=30.0pt
* \marginparwidth=44.0pt
* \marginparsep=10.0pt
* \columnsep=10.0pt
* \skip\footins=10.8pt plus 4.0pt minus 2.0pt
* \hoffset=0.0pt
* \voffset=0.0pt
* \mag=1000
* \@twocolumnfalse
* \@twosidefalse
* \@mparswitchfalse
* \@reversemarginfalse
* (1in=72.27pt=25.4mm, 1cm=28.453pt)

LaTeX Font Info:    Trying to load font information for T1+cmss on input line 6
3.
(/usr/share/texlive/texmf-dist/tex/latex/base/t1cmss.fd
File: t1cmss.fd 2023/04/13 v2.5m Standard LaTeX font definitions
)
LaTeX Font Info:    Trying to load font information for T1+cmtt on input line 6
3.

(/usr/share/texlive/texmf-dist/tex/latex/base/t1cmtt.fd
File: t1cmtt.fd 2023/04/13 v2.5m Standard LaTeX font definitions
)
LaTeX Font Info:    Trying to load font information for OT1+ztmcm on input line
 63.

(/usr/share/texlive/texmf-dist/tex/latex/psnfss/ot1ztmcm.fd
File: ot1ztmcm.fd 2000/01/03 Fontinst v1.801 font definitions for OT1/ztmcm.
)
LaTeX Font Info:    Trying to load font information for OML+ztmcm on input line
 63.

(/usr/share/texlive/texmf-dist/tex/latex/psnfss/omlztmcm.fd
File: omlztmcm.fd 2000/01/03 Fontinst v1.801 font definitions for OML/ztmcm.
)
LaTeX Font Info:    Trying to load font information for OMS+ztmcm on input line
 63.

(/usr/share/texlive/texmf-dist/tex/latex/psnfss/omsztmcm.fd
File: omsztmcm.fd 2000/01/03 Fontinst v1.801 font definitions for OMS/ztmcm.
)
LaTeX Font Info:    Trying to load font information for OMX+ztmcm on input line
 63.

(/usr/share/texlive/texmf-dist/tex/latex/psnfss/omxztmcm.fd
File: omxztmcm.fd 2000/01/03 Fontinst v1.801 font definitions for OMX/ztmcm.
)
LaTeX Font Info:    Trying to load font information for OT1+ptm on input line 6
3.

(/usr/share/texlive/texmf-dist/tex/latex/psnfss/ot1ptm.fd
File: ot1ptm.fd 2001/06/04 font definitions for OT1/ptm.
)
LaTeX Font Info:    Font shape `OT1/ptm/bx/n' in size <14.4> not available
(Font)              Font shape `OT1/ptm/b/n' tried instead on input line 63.
LaTeX Font Info:    Font shape `OT1/ptm/bx/n' in size <10.95> not available
(Font)              Font shape `OT1/ptm/b/n' tried instead on input line 63.
LaTeX Font Info:    Font shape `OT1/ptm/bx/n' in size <8> not available
(Font)              Font shape `OT1/ptm/b/n' tried instead on input line 63.
 [1

\openout4 = `NeutrinoMagMomentTechnote.ist'.

{/var/lib/texmf/fonts/map/pdftex/updmap/pdftex.map}{/usr/share/texlive/texmf-di
st/fonts/enc/dvips/base/8r.enc}{/usr/share/texmf/fonts/enc/dvips/cm-super/cm-su
per-t1.enc}]
(./NeutrinoMagMomentTechnote.toc
LaTeX Font Info:    Font shape `OT1/ptm/bx/n' in size <12> not available
(Font)              Font shape `OT1/ptm/b/n' tried instead on input line 3.
LaTeX Font Info:    Font shape `OT1/ptm/bx/n' in size <9> not available
(Font)              Font shape `OT1/ptm/b/n' tried instead on input line 3.
LaTeX Font Info:    Font shape `OT1/ptm/bx/n' in size <7> not available
(Font)              Font shape `OT1/ptm/b/n' tried instead on input line 3.
)
\tf@toc=\write8
\openout8 = `NeutrinoMagMomentTechnote.toc'.

 [2]

LaTeX Font Warning: Font shape `T1/ptm/m/scit' undefined
(Font)              using `T1/ptm/m/it' instead on input line 95.

[1] (./TheoreticalOverviewNuMM.tex
<Plots/FeynmanDiagramNuElmagInt.png, id=237, 634.62094pt x 386.19281pt>
File: Plots/FeynmanDiagramNuElmagInt.png Graphic file (type png)
<use Plots/FeynmanDiagramNuElmagInt.png>
Package pdftex.def Info: Plots/FeynmanDiagramNuElmagInt.png  used on input line
 14.
(pdftex.def)             Requested size: 150.14671pt x 91.36816pt.
 [2 <./Plots/FeynmanDiagramNuElmagInt.png>]
[3] [4]
<Plots/NuoneInteraction.png, id=330, 1425.82687pt x 657.2053pt>
File: Plots/NuoneInteraction.png Graphic file (type png)
<use Plots/NuoneInteraction.png>
Package pdftex.def Info: Plots/NuoneInteraction.png  used on input line 141.
(pdftex.def)             Requested size: 225.21626pt x 103.8012pt.
 [5 <./Plots/NuoneInteraction.png>]
<Plots/KinematicsTOnTh.pdf, id=345, 462.52798pt x 346.89601pt>
File: Plots/KinematicsTOnTh.pdf Graphic file (type pdf)
<use Plots/KinematicsTOnTh.pdf>
Package pdftex.def Info: Plots/KinematicsTOnTh.pdf  used on input line 180.
(pdftex.def)             Requested size: 350.33727pt x 262.76503pt.
 [6 <./Plots/KinematicsTOnTh.pdf>]
<Plots/dSdTNumuMMCompAltLim.pdf, id=448, 462.52798pt x 346.89601pt>
File: Plots/dSdTNumuMMCompAltLim.pdf Graphic file (type pdf)
<use Plots/dSdTNumuMMCompAltLim.pdf>
Package pdftex.def Info: Plots/dSdTNumuMMCompAltLim.pdf  used on input line 230
.
(pdftex.def)             Requested size: 350.33727pt x 262.76503pt.

[7] [8 <./Plots/dSdTNumuMMCompAltLim.pdf>]
<Plots/RatioNumuMMCompLinX.pdf, id=538, 462.52798pt x 346.89601pt>
File: Plots/RatioNumuMMCompLinX.pdf Graphic file (type pdf)
<use Plots/RatioNumuMMCompLinX.pdf>
Package pdftex.def Info: Plots/RatioNumuMMCompLinX.pdf  used on input line 251.

(pdftex.def)             Requested size: 350.33727pt x 262.76503pt.
) (./AnalysisOverviewNuMM.tex
[9] [10 <./Plots/RatioNumuMMCompLinX.pdf>]

LaTeX Font Warning: Font shape `T1/ptm/m/scit' undefined
(Font)              using `T1/ptm/m/it' instead on input line 19.


Underfull \hbox (badness 10000) in paragraph at lines 35--35
[]|\T1/cmtt/m/n/12 prod_caf_R20-11-25-prod5.1reco.a_nd_genie_N1810j0211a_nonswa
p_fhc_nova_v08
 []


Underfull \hbox (badness 10000) in paragraph at lines 37--37
[]|\T1/cmtt/m/n/12 prod_caf_R20-11-25-prod5.1reco.e_nd_genie_N1810j0211a_nonswa
p_fhc_nova_v08
 []


Underfull \hbox (badness 10000) in paragraph at lines 38--38
[]|\T1/cmtt/m/n/12 prod_caf_R20-11-25-prod5.1reco.e_nd_genie_N1810j0211a_nonswa
p_fhc_nova_v08
 []


Underfull \hbox (badness 10000) in paragraph at lines 39--39
[]|\T1/cmtt/m/n/12 prod_caf_R20-11-25-prod5.1reco.f_nd_genie_N1810j0211a_nonswa
p_fhc_nova_v08
 []


Underfull \hbox (badness 10000) in paragraph at lines 40--40
[]|\T1/cmtt/m/n/12 prod_caf_R20-11-25-prod5.1reco.f_nd_genie_N1810j0211a_nonswa
p_fhc_nova_v08
 []


Underfull \hbox (badness 10000) in paragraph at lines 41--41
[]|\T1/cmtt/m/n/12 prod_caf_R20-11-25-prod5.1reco.g_nd_genie_N1810j0211a_nonswa
p_fhc_nova_v08
 []


Underfull \hbox (badness 10000) in paragraph at lines 42--42
[]|\T1/cmtt/m/n/12 prod_caf_R20-11-25-prod5.1reco.g_nd_genie_N1810j0211a_nonswa
p_fhc_nova_v08
 []


Underfull \hbox (badness 10000) in paragraph at lines 43--43
[]|\T1/cmtt/m/n/12 prod_caf_R20-11-25-prod5.1reco.f_nd_genie_N1810j0211a_nonswa
p_fhc_nova_v08
 []


Underfull \hbox (badness 10000) in paragraph at lines 44--44
[]|\T1/cmtt/m/n/12 prod_caf_R20-11-25-prod5.1reco.f_nd_genie_N1810j0211a_nonswa
p_fhc_nova_v08
 []


Underfull \hbox (badness 10000) in paragraph at lines 45--45
[]|\T1/cmtt/m/n/12 prod_caf_R20-11-25-prod5.1reco.g_nd_genie_N1810j0211a_nonswa
p_fhc_nova_v08
 []


Overfull \hbox (12.0pt too wide) in paragraph at lines 32--49
 [][] 
 []

[11]
LaTeX Font Info:    Font shape `OT1/ptm/bx/n' in size <10> not available
(Font)              Font shape `OT1/ptm/b/n' tried instead on input line 63.
LaTeX Font Info:    Font shape `OT1/ptm/bx/n' in size <7.4> not available
(Font)              Font shape `OT1/ptm/b/n' tried instead on input line 63.
LaTeX Font Info:    Font shape `OT1/ptm/bx/n' in size <6> not available
(Font)              Font shape `OT1/ptm/b/n' tried instead on input line 63.
 [12]

LaTeX Font Warning: Font shape `T1/ptm/m/scit' undefined
(Font)              using `T1/ptm/m/it' instead on input line 105.


Underfull \hbox (badness 10000) in paragraph at lines 116--116
[]|\T1/cmtt/m/n/12 prod_caf_R20-11-25-prod5.1reco.g_nd_genie_N1810j0211a_nonswa
p_fhc_nova_v08
 []


Underfull \hbox (badness 10000) in paragraph at lines 118--118
[]|\T1/cmtt/m/n/12 prod_caf_R20-11-25-prod5.1reco.g_nd_genie_N1810j0211a_nonswa
p_fhc_nova_v08
 []


Underfull \hbox (badness 10000) in paragraph at lines 119--119
[]|\T1/cmtt/m/n/12 prod_caf_R20-11-25-prod5.1reco.g_nd_genie_N1810j0211a_nonswa
p_fhc_nova_v08
 []


Underfull \hbox (badness 10000) in paragraph at lines 120--120
[]|\T1/cmtt/m/n/12 prod_caf_R20-11-25-prod5.1reco.g_nd_genie_N1810j0211a_nonswa
p_fhc_nova_v08
 []


Underfull \hbox (badness 10000) in paragraph at lines 121--121
[]|\T1/cmtt/m/n/12 prod_caf_R20-11-25-prod5.1reco.g_nd_genie_N1810j0211a_nonswa
p_fhc_nova_v08
 []


Underfull \hbox (badness 10000) in paragraph at lines 122--122
[]|\T1/cmtt/m/n/12 prod_caf_R20-11-25-prod5.1reco.g_nd_genie_N1810j0211a_nonswa
p_fhc_nova_v08
 []


Underfull \hbox (badness 10000) in paragraph at lines 123--123
[]|\T1/cmtt/m/n/12 prod_caf_R20-11-25-prod5.1reco.g_nd_genie_N1810j0211a_nonswa
p_fhc_nova_v08
 []


Overfull \hbox (12.0pt too wide) in paragraph at lines 113--127
 [][] 
 []


LaTeX Font Warning: Font shape `T1/ptm/m/scit' undefined
(Font)              using `T1/ptm/m/it' instead on input line 133.


Overfull \hbox (37.815pt too wide) in paragraph at lines 133--135
[]\T1/ptm/m/n/12 ([]\T1/ptm/m/sc/12 TO DO: \T1/ptm/m/it/12 De-scribe the tech-n
i-cal de-tails[]\T1/ptm/m/n/12 ) In-cor-rect POT is 4.7334120e+23 and cor-rect 
POT is 1.9880340e+24.
 []


Overfull \hbox (11.91588pt too wide) in paragraph at lines 147--147
[]|\T1/cmtt/m/n/12 YiwenXiao_NueCCMEC_Single_NJobs7500_CAF_NonSwap_CalibDown_Co
mbined_240124_filematch| 
 []


Overfull \hbox (18.08937pt too wide) in paragraph at lines 153--153
[]|\T1/cmtt/m/n/12 YiwenXiao_NueCCMEC_Single_NJobs7500_CAF_NonSwap_CalibShape_C
ombined_240124_filematch| 
 []


Overfull \hbox (12.0pt too wide) in paragraph at lines 141--158
 [][] 
 []

[13]) (./EventSelectionNuMM.tex [14] [15]
Overfull \hbox (4.66531pt too wide) in paragraph at lines 24--24
[][] 
 []


Overfull \vbox (3.76326pt too high) detected at line 29
 []


Overfull \hbox (2.72133pt too wide) in paragraph at lines 29--29
[][] 
 []


Overfull \hbox (2.72133pt too wide) in paragraph at lines 33--33
[][] 
 []


Overfull \hbox (2.72133pt too wide) in paragraph at lines 40--40
[][] 
 []


Overfull \hbox (2.72133pt too wide) in paragraph at lines 47--47
[][] 
 []


Underfull \hbox (badness 1014) in paragraph at lines 51--51
[]|[]\T1/ptm/m/n/12 Convolutional Vi-sual Net-work (CVN)-based [][][]$\OML/ztmc
m/m/it/12 ^^W$\T1/ptm/m/n/12 -on-e[][]
 []


Overfull \hbox (24.5914pt too wide) in paragraph at lines 58--59
[]\T1/ptm/m/n/12 The code to make plots and anal-yse the event se-lec-tion is l
o-cated in the $\T1/cmtt/m/n/12 NuMagMomentAna / NuMMAnalysis /
 []


Overfull \hbox (24.4581pt too wide) in paragraph at lines 58--59
\T1/cmtt/m/n/12 EventSelection$ \T1/ptm/m/n/12 di-rec-tory. The sig-nal def-i-n
i-tion is in $\T1/cmtt/m/n/12 NuoneCuts . h$ \T1/ptm/m/n/12 and the cut val-ues
 in the $\T1/cmtt/m/n/12 EventCVNCuts .
 []

[16]
<Plots/NuMMEventSelection/N1Cut_vtxIsValid.pdf, id=791, 569.12625pt x 315.1775p
t>
File: Plots/NuMMEventSelection/N1Cut_vtxIsValid.pdf Graphic file (type pdf)
<use Plots/NuMMEventSelection/N1Cut_vtxIsValid.pdf>
Package pdftex.def Info: Plots/NuMMEventSelection/N1Cut_vtxIsValid.pdf  used on
 input line 70.
(pdftex.def)             Requested size: 350.33727pt x 194.02296pt.
<Plots/NuMMEventSelection/VtxIsValidNuMM.pdf, id=792, 569.12625pt x 385.44pt>
File: Plots/NuMMEventSelection/VtxIsValidNuMM.pdf Graphic file (type pdf)
<use Plots/NuMMEventSelection/VtxIsValidNuMM.pdf>
Package pdftex.def Info: Plots/NuMMEventSelection/VtxIsValidNuMM.pdf  used on i
nput line 71.
(pdftex.def)             Requested size: 350.33727pt x 237.2765pt.
<Plots/NuMMEventSelection/N1Cut_NPng.pdf, id=797, 569.12625pt x 315.1775pt>
File: Plots/NuMMEventSelection/N1Cut_NPng.pdf Graphic file (type pdf)
<use Plots/NuMMEventSelection/N1Cut_NPng.pdf>
Package pdftex.def Info: Plots/NuMMEventSelection/N1Cut_NPng.pdf  used on input
 line 84.
(pdftex.def)             Requested size: 350.33727pt x 194.02296pt.
<Plots/NuMMEventSelection/N1Cut_NHitsPPlane.pdf, id=798, 569.12625pt x 315.1775
pt>
File: Plots/NuMMEventSelection/N1Cut_NHitsPPlane.pdf Graphic file (type pdf)
<use Plots/NuMMEventSelection/N1Cut_NHitsPPlane.pdf>
Package pdftex.def Info: Plots/NuMMEventSelection/N1Cut_NHitsPPlane.pdf  used o
n input line 85.
(pdftex.def)             Requested size: 350.33727pt x 194.02296pt.
<Plots/NuMMEventSelection/N1Cut_calELow.pdf, id=809, 569.12625pt x 315.1775pt>
File: Plots/NuMMEventSelection/N1Cut_calELow.pdf Graphic file (type pdf)
<use Plots/NuMMEventSelection/N1Cut_calELow.pdf>
Package pdftex.def Info: Plots/NuMMEventSelection/N1Cut_calELow.pdf  used on in
put line 95.
(pdftex.def)             Requested size: 350.33727pt x 194.02296pt.
<Plots/NuMMEventSelection/N1Cut_calELow_BkgDecomp.pdf, id=810, 569.12625pt x 31
5.1775pt>
File: Plots/NuMMEventSelection/N1Cut_calELow_BkgDecomp.pdf Graphic file (type p
df)
<use Plots/NuMMEventSelection/N1Cut_calELow_BkgDecomp.pdf>
Package pdftex.def Info: Plots/NuMMEventSelection/N1Cut_calELow_BkgDecomp.pdf  
used on input line 96.
(pdftex.def)             Requested size: 350.33727pt x 194.02296pt.
 [17] [18 <./Plots/NuMMEventSelection/N1Cut_vtxIsValid.pdf, page is rotated 90 
degrees> <./Plots/NuMMEventSelection/VtxIsValidNuMM.pdf, page is rotated 90 deg
rees>] [19 <./Plots/NuMMEventSelection/N1Cut_NPng.pdf, page is rotated 90 degre
es> <./Plots/NuMMEventSelection/N1Cut_NHitsPPlane.pdf, page is rotated 90 degre
es>] [20 <./Plots/NuMMEventSelection/N1Cut_calELow.pdf, page is rotated 90 degr
ees> <./Plots/NuMMEventSelection/N1Cut_calELow_BkgDecomp.pdf, page is rotated 9
0 degrees>]
<Plots/NuMMEventSelection/N1Cut_NHitsLoose.pdf, id=1105, 569.12625pt x 315.1775
pt>
File: Plots/NuMMEventSelection/N1Cut_NHitsLoose.pdf Graphic file (type pdf)
<use Plots/NuMMEventSelection/N1Cut_NHitsLoose.pdf>
Package pdftex.def Info: Plots/NuMMEventSelection/N1Cut_NHitsLoose.pdf  used on
 input line 123.
(pdftex.def)             Requested size: 350.33727pt x 194.02296pt.
<Plots/NuMMEventSelection/NuMM_N1Cut_NHitsLooseleft_Eff.pdf, id=1106, 569.12625
pt x 315.1775pt>
File: Plots/NuMMEventSelection/NuMM_N1Cut_NHitsLooseleft_Eff.pdf Graphic file (
type pdf)
<use Plots/NuMMEventSelection/NuMM_N1Cut_NHitsLooseleft_Eff.pdf>
Package pdftex.def Info: Plots/NuMMEventSelection/NuMM_N1Cut_NHitsLooseleft_Eff
.pdf  used on input line 124.
(pdftex.def)             Requested size: 350.33727pt x 194.02296pt.
<Plots/NuMMEventSelection/N1Cut_longestProng.pdf, id=1109, 569.12625pt x 315.17
75pt>
File: Plots/NuMMEventSelection/N1Cut_longestProng.pdf Graphic file (type pdf)
<use Plots/NuMMEventSelection/N1Cut_longestProng.pdf>
Package pdftex.def Info: Plots/NuMMEventSelection/N1Cut_longestProng.pdf  used 
on input line 131.
(pdftex.def)             Requested size: 350.33727pt x 194.02296pt.
<Plots/NuMMEventSelection/NuMM_N1Cut_longestProngleft_Eff.pdf, id=1110, 569.126
25pt x 315.1775pt>
File: Plots/NuMMEventSelection/NuMM_N1Cut_longestProngleft_Eff.pdf Graphic file
 (type pdf)
<use Plots/NuMMEventSelection/NuMM_N1Cut_longestProngleft_Eff.pdf>
Package pdftex.def Info: Plots/NuMMEventSelection/NuMM_N1Cut_longestProngleft_E
ff.pdf  used on input line 132.
(pdftex.def)             Requested size: 350.33727pt x 194.02296pt.
<Plots/NuMMEventSelection/LogY_N1Cut_eth2Loose.pdf, id=1118, 569.12625pt x 315.
1775pt>
File: Plots/NuMMEventSelection/LogY_N1Cut_eth2Loose.pdf Graphic file (type pdf)

<use Plots/NuMMEventSelection/LogY_N1Cut_eth2Loose.pdf>
Package pdftex.def Info: Plots/NuMMEventSelection/LogY_N1Cut_eth2Loose.pdf  use
d on input line 141.
(pdftex.def)             Requested size: 350.33727pt x 194.02296pt.
<Plots/NuMMEventSelection/NuMM_N1Cut_eth2Looseleft_Eff.pdf, id=1119, 569.12625p
t x 315.1775pt>
File: Plots/NuMMEventSelection/NuMM_N1Cut_eth2Looseleft_Eff.pdf Graphic file (t
ype pdf)
<use Plots/NuMMEventSelection/NuMM_N1Cut_eth2Looseleft_Eff.pdf>
Package pdftex.def Info: Plots/NuMMEventSelection/NuMM_N1Cut_eth2Looseleft_Eff.
pdf  used on input line 142.
(pdftex.def)             Requested size: 350.33727pt x 194.02296pt.
 [21] [22 <./Plots/NuMMEventSelection/N1Cut_NHitsLoose.pdf, page is rotated 90 
degrees> <./Plots/NuMMEventSelection/NuMM_N1Cut_NHitsLooseleft_Eff.pdf, page is
 rotated 90 degrees>] [23 <./Plots/NuMMEventSelection/N1Cut_longestProng.pdf, p
age is rotated 90 degrees> <./Plots/NuMMEventSelection/NuMM_N1Cut_longestProngl
eft_Eff.pdf, page is rotated 90 degrees>] [24 <./Plots/NuMMEventSelection/LogY_
N1Cut_eth2Loose.pdf, page is rotated 90 degrees> <./Plots/NuMMEventSelection/Nu
MM_N1Cut_eth2Looseleft_Eff.pdf, page is rotated 90 degrees>]
<Plots/NuMMEventSelection/N1Cut_vtxXActive.pdf, id=1415, 569.12625pt x 315.1775
pt>
File: Plots/NuMMEventSelection/N1Cut_vtxXActive.pdf Graphic file (type pdf)
<use Plots/NuMMEventSelection/N1Cut_vtxXActive.pdf>
Package pdftex.def Info: Plots/NuMMEventSelection/N1Cut_vtxXActive.pdf  used on
 input line 179.
(pdftex.def)             Requested size: 350.33727pt x 194.02296pt.
<Plots/NuMMEventSelection/NuMM_N1Cut_vtxXActiveright_FOMStats.pdf, id=1416, 569
.12625pt x 315.1775pt>
File: Plots/NuMMEventSelection/NuMM_N1Cut_vtxXActiveright_FOMStats.pdf Graphic 
file (type pdf)
<use Plots/NuMMEventSelection/NuMM_N1Cut_vtxXActiveright_FOMStats.pdf>
Package pdftex.def Info: Plots/NuMMEventSelection/NuMM_N1Cut_vtxXActiveright_FO
MStats.pdf  used on input line 180.
(pdftex.def)             Requested size: 350.33727pt x 194.02296pt.
<Plots/NuMMEventSelection/NuMM_N1Cut_vtxXActiveleft_FOMStats.pdf, id=1417, 569.
12625pt x 315.1775pt>
File: Plots/NuMMEventSelection/NuMM_N1Cut_vtxXActiveleft_FOMStats.pdf Graphic f
ile (type pdf)
<use Plots/NuMMEventSelection/NuMM_N1Cut_vtxXActiveleft_FOMStats.pdf>
Package pdftex.def Info: Plots/NuMMEventSelection/NuMM_N1Cut_vtxXActiveleft_FOM
Stats.pdf  used on input line 181.
(pdftex.def)             Requested size: 350.33727pt x 194.02296pt.


LaTeX Warning: Float too large for page by 37.0044pt on input line 184.

<Plots/NuMMEventSelection/N1Cut_vtxYActive.pdf, id=1422, 569.12625pt x 315.1775
pt>
File: Plots/NuMMEventSelection/N1Cut_vtxYActive.pdf Graphic file (type pdf)
<use Plots/NuMMEventSelection/N1Cut_vtxYActive.pdf>
Package pdftex.def Info: Plots/NuMMEventSelection/N1Cut_vtxYActive.pdf  used on
 input line 188.
(pdftex.def)             Requested size: 350.33727pt x 194.02296pt.
<Plots/NuMMEventSelection/NuMM_N1Cut_vtxYActiveright_FOMStats.pdf, id=1423, 569
.12625pt x 315.1775pt>
File: Plots/NuMMEventSelection/NuMM_N1Cut_vtxYActiveright_FOMStats.pdf Graphic 
file (type pdf)
<use Plots/NuMMEventSelection/NuMM_N1Cut_vtxYActiveright_FOMStats.pdf>
Package pdftex.def Info: Plots/NuMMEventSelection/NuMM_N1Cut_vtxYActiveright_FO
MStats.pdf  used on input line 189.
(pdftex.def)             Requested size: 350.33727pt x 194.02296pt.
<Plots/NuMMEventSelection/NuMM_N1Cut_vtxYActiveleft_FOMStats.pdf, id=1424, 569.
12625pt x 315.1775pt>
File: Plots/NuMMEventSelection/NuMM_N1Cut_vtxYActiveleft_FOMStats.pdf Graphic f
ile (type pdf)
<use Plots/NuMMEventSelection/NuMM_N1Cut_vtxYActiveleft_FOMStats.pdf>
Package pdftex.def Info: Plots/NuMMEventSelection/NuMM_N1Cut_vtxYActiveleft_FOM
Stats.pdf  used on input line 190.
(pdftex.def)             Requested size: 350.33727pt x 194.02296pt.

LaTeX Warning: Float too large for page by 37.0044pt on input line 193.

<Plots/NuMMEventSelection/N1Cut_vtxZ.pdf, id=1429, 569.12625pt x 315.1775pt>
File: Plots/NuMMEventSelection/N1Cut_vtxZ.pdf Graphic file (type pdf)
<use Plots/NuMMEventSelection/N1Cut_vtxZ.pdf>
Package pdftex.def Info: Plots/NuMMEventSelection/N1Cut_vtxZ.pdf  used on input
 line 197.
(pdftex.def)             Requested size: 350.33727pt x 194.02296pt.
<Plots/NuMMEventSelection/NuMM_N1Cut_vtxZright_FOMStats.pdf, id=1430, 569.12625
pt x 315.1775pt>
File: Plots/NuMMEventSelection/NuMM_N1Cut_vtxZright_FOMStats.pdf Graphic file (
type pdf)
<use Plots/NuMMEventSelection/NuMM_N1Cut_vtxZright_FOMStats.pdf>
Package pdftex.def Info: Plots/NuMMEventSelection/NuMM_N1Cut_vtxZright_FOMStats
.pdf  used on input line 198.
(pdftex.def)             Requested size: 350.33727pt x 194.02296pt.
<Plots/NuMMEventSelection/NuMM_N1Cut_vtxZleft_FOMStats.pdf, id=1431, 569.12625p
t x 315.1775pt>
File: Plots/NuMMEventSelection/NuMM_N1Cut_vtxZleft_FOMStats.pdf Graphic file (t
ype pdf)
<use Plots/NuMMEventSelection/NuMM_N1Cut_vtxZleft_FOMStats.pdf>
Package pdftex.def Info: Plots/NuMMEventSelection/NuMM_N1Cut_vtxZleft_FOMStats.
pdf  used on input line 199.
(pdftex.def)             Requested size: 350.33727pt x 194.02296pt.

LaTeX Warning: Float too large for page by 22.5044pt on input line 202.

<Plots/NuMMEventSelection/N1Cut_minX.pdf, id=1438, 569.12625pt x 315.1775pt>
File: Plots/NuMMEventSelection/N1Cut_minX.pdf Graphic file (type pdf)
<use Plots/NuMMEventSelection/N1Cut_minX.pdf>
Package pdftex.def Info: Plots/NuMMEventSelection/N1Cut_minX.pdf  used on input
 line 213.
(pdftex.def)             Requested size: 350.33727pt x 194.02296pt.
<Plots/NuMMEventSelection/NuMM_N1Cut_minXright_FOMStats.pdf, id=1439, 569.12625
pt x 315.1775pt>
File: Plots/NuMMEventSelection/NuMM_N1Cut_minXright_FOMStats.pdf Graphic file (
type pdf)
<use Plots/NuMMEventSelection/NuMM_N1Cut_minXright_FOMStats.pdf>
Package pdftex.def Info: Plots/NuMMEventSelection/NuMM_N1Cut_minXright_FOMStats
.pdf  used on input line 214.
(pdftex.def)             Requested size: 350.33727pt x 194.02296pt.
<Plots/NuMMEventSelection/N1Cut_maxX.pdf, id=1444, 569.12625pt x 315.1775pt>
File: Plots/NuMMEventSelection/N1Cut_maxX.pdf Graphic file (type pdf)
<use Plots/NuMMEventSelection/N1Cut_maxX.pdf>
Package pdftex.def Info: Plots/NuMMEventSelection/N1Cut_maxX.pdf  used on input
 line 221.
(pdftex.def)             Requested size: 350.33727pt x 194.02296pt.
<Plots/NuMMEventSelection/NuMM_N1Cut_maxXleft_FOMStats.pdf, id=1445, 569.12625p
t x 315.1775pt>
File: Plots/NuMMEventSelection/NuMM_N1Cut_maxXleft_FOMStats.pdf Graphic file (t
ype pdf)
<use Plots/NuMMEventSelection/NuMM_N1Cut_maxXleft_FOMStats.pdf>
Package pdftex.def Info: Plots/NuMMEventSelection/NuMM_N1Cut_maxXleft_FOMStats.
pdf  used on input line 222.
(pdftex.def)             Requested size: 350.33727pt x 194.02296pt.
<Plots/NuMMEventSelection/N1Cut_minY.pdf, id=1450, 569.12625pt x 315.1775pt>
File: Plots/NuMMEventSelection/N1Cut_minY.pdf Graphic file (type pdf)
<use Plots/NuMMEventSelection/N1Cut_minY.pdf>
Package pdftex.def Info: Plots/NuMMEventSelection/N1Cut_minY.pdf  used on input
 line 229.
(pdftex.def)             Requested size: 350.33727pt x 194.02296pt.
<Plots/NuMMEventSelection/NuMM_N1Cut_minYright_FOMStats.pdf, id=1451, 569.12625
pt x 315.1775pt>
File: Plots/NuMMEventSelection/NuMM_N1Cut_minYright_FOMStats.pdf Graphic file (
type pdf)
<use Plots/NuMMEventSelection/NuMM_N1Cut_minYright_FOMStats.pdf>
Package pdftex.def Info: Plots/NuMMEventSelection/NuMM_N1Cut_minYright_FOMStats
.pdf  used on input line 230.
(pdftex.def)             Requested size: 350.33727pt x 194.02296pt.
<Plots/NuMMEventSelection/N1Cut_maxY.pdf, id=1456, 569.12625pt x 315.1775pt>
File: Plots/NuMMEventSelection/N1Cut_maxY.pdf Graphic file (type pdf)
<use Plots/NuMMEventSelection/N1Cut_maxY.pdf>
Package pdftex.def Info: Plots/NuMMEventSelection/N1Cut_maxY.pdf  used on input
 line 237.
(pdftex.def)             Requested size: 350.33727pt x 194.02296pt.
<Plots/NuMMEventSelection/NuMM_N1Cut_maxYleft_FOMStats.pdf, id=1457, 569.12625p
t x 315.1775pt>
File: Plots/NuMMEventSelection/NuMM_N1Cut_maxYleft_FOMStats.pdf Graphic file (t
ype pdf)
<use Plots/NuMMEventSelection/NuMM_N1Cut_maxYleft_FOMStats.pdf>
Package pdftex.def Info: Plots/NuMMEventSelection/NuMM_N1Cut_maxYleft_FOMStats.
pdf  used on input line 238.
(pdftex.def)             Requested size: 350.33727pt x 194.02296pt.
<Plots/NuMMEventSelection/N1Cut_minZ.pdf, id=1462, 569.12625pt x 315.1775pt>
File: Plots/NuMMEventSelection/N1Cut_minZ.pdf Graphic file (type pdf)
<use Plots/NuMMEventSelection/N1Cut_minZ.pdf>
Package pdftex.def Info: Plots/NuMMEventSelection/N1Cut_minZ.pdf  used on input
 line 245.
(pdftex.def)             Requested size: 350.33727pt x 194.02296pt.
<Plots/NuMMEventSelection/NuMM_N1Cut_minZright_FOMStats.pdf, id=1463, 569.12625
pt x 315.1775pt>
File: Plots/NuMMEventSelection/NuMM_N1Cut_minZright_FOMStats.pdf Graphic file (
type pdf)
<use Plots/NuMMEventSelection/NuMM_N1Cut_minZright_FOMStats.pdf>
Package pdftex.def Info: Plots/NuMMEventSelection/NuMM_N1Cut_minZright_FOMStats
.pdf  used on input line 246.
(pdftex.def)             Requested size: 350.33727pt x 194.02296pt.
<Plots/NuMMEventSelection/N1Cut_maxZ.pdf, id=1468, 569.12625pt x 315.1775pt>
File: Plots/NuMMEventSelection/N1Cut_maxZ.pdf Graphic file (type pdf)
<use Plots/NuMMEventSelection/N1Cut_maxZ.pdf>
Package pdftex.def Info: Plots/NuMMEventSelection/N1Cut_maxZ.pdf  used on input
 line 253.
(pdftex.def)             Requested size: 350.33727pt x 194.02296pt.
<Plots/NuMMEventSelection/NuMM_N1Cut_maxZleft_FOMStats.pdf, id=1469, 569.12625p
t x 315.1775pt>
File: Plots/NuMMEventSelection/NuMM_N1Cut_maxZleft_FOMStats.pdf Graphic file (t
ype pdf)
<use Plots/NuMMEventSelection/NuMM_N1Cut_maxZleft_FOMStats.pdf>
Package pdftex.def Info: Plots/NuMMEventSelection/NuMM_N1Cut_maxZleft_FOMStats.
pdf  used on input line 254.
(pdftex.def)             Requested size: 350.33727pt x 194.02296pt.
[25] [26 <./Plots/NuMMEventSelection/N1Cut_vtxXActive.pdf, page is rotated 90 d
egrees> <./Plots/NuMMEventSelection/NuMM_N1Cut_vtxXActiveright_FOMStats.pdf, pa
ge is rotated 90 degrees> <./Plots/NuMMEventSelection/NuMM_N1Cut_vtxXActiveleft
_FOMStats.pdf, page is rotated 90 degrees>] [27 <./Plots/NuMMEventSelection/N1C
ut_vtxYActive.pdf, page is rotated 90 degrees> <./Plots/NuMMEventSelection/NuMM
_N1Cut_vtxYActiveright_FOMStats.pdf, page is rotated 90 degrees> <./Plots/NuMME
ventSelection/NuMM_N1Cut_vtxYActiveleft_FOMStats.pdf, page is rotated 90 degree
s>] [28 <./Plots/NuMMEventSelection/N1Cut_vtxZ.pdf, page is rotated 90 degrees>
 <./Plots/NuMMEventSelection/NuMM_N1Cut_vtxZright_FOMStats.pdf, page is rotated
 90 degrees> <./Plots/NuMMEventSelection/NuMM_N1Cut_vtxZleft_FOMStats.pdf, page
 is rotated 90 degrees>] [29 <./Plots/NuMMEventSelection/N1Cut_minX.pdf, page i
s rotated 90 degrees> <./Plots/NuMMEventSelection/NuMM_N1Cut_minXright_FOMStats
.pdf, page is rotated 90 degrees>] [30 <./Plots/NuMMEventSelection/N1Cut_maxX.p
df, page is rotated 90 degrees> <./Plots/NuMMEventSelection/NuMM_N1Cut_maxXleft
_FOMStats.pdf, page is rotated 90 degrees>] [31 <./Plots/NuMMEventSelection/N1C
ut_minY.pdf, page is rotated 90 degrees> <./Plots/NuMMEventSelection/NuMM_N1Cut
_minYright_FOMStats.pdf, page is rotated 90 degrees>] [32 <./Plots/NuMMEventSel
ection/N1Cut_maxY.pdf, page is rotated 90 degrees> <./Plots/NuMMEventSelection/
NuMM_N1Cut_maxYleft_FOMStats.pdf, page is rotated 90 degrees>] [33 <./Plots/NuM
MEventSelection/N1Cut_minZ.pdf, page is rotated 90 degrees> <./Plots/NuMMEventS
election/NuMM_N1Cut_minZright_FOMStats.pdf, page is rotated 90 degrees>]
[34 <./Plots/NuMMEventSelection/N1Cut_maxZ.pdf, page is rotated 90 degrees> <./
Plots/NuMMEventSelection/NuMM_N1Cut_maxZleft_FOMStats.pdf, page is rotated 90 d
egrees>] [35]
<Plots/NuMMEventSelection/N1Cut_shwEFrac.pdf, id=2459, 569.12625pt x 315.1775pt
>
File: Plots/NuMMEventSelection/N1Cut_shwEFrac.pdf Graphic file (type pdf)
<use Plots/NuMMEventSelection/N1Cut_shwEFrac.pdf>
Package pdftex.def Info: Plots/NuMMEventSelection/N1Cut_shwEFrac.pdf  used on i
nput line 306.
(pdftex.def)             Requested size: 350.33727pt x 194.02296pt.
<Plots/NuMMEventSelection/N1Cut_NHitsPre.pdf, id=2460, 569.12625pt x 315.1775pt
>
File: Plots/NuMMEventSelection/N1Cut_NHitsPre.pdf Graphic file (type pdf)
<use Plots/NuMMEventSelection/N1Cut_NHitsPre.pdf>
Package pdftex.def Info: Plots/NuMMEventSelection/N1Cut_NHitsPre.pdf  used on i
nput line 307.
(pdftex.def)             Requested size: 350.33727pt x 194.02296pt.
<Plots/NuMMEventSelection/N1Cut_calEHighPre.pdf, id=2461, 569.12625pt x 315.177
5pt>
File: Plots/NuMMEventSelection/N1Cut_calEHighPre.pdf Graphic file (type pdf)
<use Plots/NuMMEventSelection/N1Cut_calEHighPre.pdf>
Package pdftex.def Info: Plots/NuMMEventSelection/N1Cut_calEHighPre.pdf  used o
n input line 314.
(pdftex.def)             Requested size: 350.33727pt x 194.02296pt.
<Plots/NuMMEventSelection/N1Cut_eth2Pre.pdf, id=2462, 569.12625pt x 315.1775pt>

File: Plots/NuMMEventSelection/N1Cut_eth2Pre.pdf Graphic file (type pdf)
<use Plots/NuMMEventSelection/N1Cut_eth2Pre.pdf>
Package pdftex.def Info: Plots/NuMMEventSelection/N1Cut_eth2Pre.pdf  used on in
put line 315.
(pdftex.def)             Requested size: 350.33727pt x 194.02296pt.
<Plots/NuMMEventSelection/LogY_N1Cut_nuoneidPre.pdf, id=2463, 569.12625pt x 315
.1775pt>
File: Plots/NuMMEventSelection/LogY_N1Cut_nuoneidPre.pdf Graphic file (type pdf
)
<use Plots/NuMMEventSelection/LogY_N1Cut_nuoneidPre.pdf>
Package pdftex.def Info: Plots/NuMMEventSelection/LogY_N1Cut_nuoneidPre.pdf  us
ed on input line 322.
(pdftex.def)             Requested size: 350.33727pt x 194.02296pt.
<Plots/NuMMEventSelection/LogY_N1Cut_epi0idPre.pdf, id=2464, 569.12625pt x 315.
1775pt>
File: Plots/NuMMEventSelection/LogY_N1Cut_epi0idPre.pdf Graphic file (type pdf)

<use Plots/NuMMEventSelection/LogY_N1Cut_epi0idPre.pdf>
Package pdftex.def Info: Plots/NuMMEventSelection/LogY_N1Cut_epi0idPre.pdf  use
d on input line 323.
(pdftex.def)             Requested size: 350.33727pt x 194.02296pt.
 [36 <./Plots/NuMMEventSelection/N1Cut_shwEFrac.pdf, page is rotated 90 degrees
> <./Plots/NuMMEventSelection/N1Cut_NHitsPre.pdf, page is rotated 90 degrees>] 
[37 <./Plots/NuMMEventSelection/N1Cut_calEHighPre.pdf, page is rotated 90 degre
es> <./Plots/NuMMEventSelection/N1Cut_eth2Pre.pdf, page is rotated 90 degrees>]
 [38 <./Plots/NuMMEventSelection/LogY_N1Cut_nuoneidPre.pdf, page is rotated 90 
degrees> <./Plots/NuMMEventSelection/LogY_N1Cut_epi0idPre.pdf, page is rotated 
90 degrees>]
<Plots/NuMMEventSelection/N1Cut_calESignal.pdf, id=2744, 569.12625pt x 315.1775
pt>
File: Plots/NuMMEventSelection/N1Cut_calESignal.pdf Graphic file (type pdf)
<use Plots/NuMMEventSelection/N1Cut_calESignal.pdf>
Package pdftex.def Info: Plots/NuMMEventSelection/N1Cut_calESignal.pdf  used on
 input line 381.
(pdftex.def)             Requested size: 350.33727pt x 194.02296pt.
) (./SystematicUncertaintiesNuMM.tex [39]
<Plots/RelativeErrorBarChart.pdf, id=2756, 569.12625pt x 385.44pt>
File: Plots/RelativeErrorBarChart.pdf Graphic file (type pdf)
<use Plots/RelativeErrorBarChart.pdf>
Package pdftex.def Info: Plots/RelativeErrorBarChart.pdf  used on input line 13
.
(pdftex.def)             Requested size: 350.33727pt x 237.2765pt.
<Plots/SystShifts_beamSysts_Full_Graph.pdf, id=2758, 569.12625pt x 385.44pt>
File: Plots/SystShifts_beamSysts_Full_Graph.pdf Graphic file (type pdf)
<use Plots/SystShifts_beamSysts_Full_Graph.pdf>
Package pdftex.def Info: Plots/SystShifts_beamSysts_Full_Graph.pdf  used on inp
ut line 22.
(pdftex.def)             Requested size: 350.33727pt x 237.2765pt.
 [40 <./Plots/NuMMEventSelection/N1Cut_calESignal.pdf, page is rotated 90 degre
es>] [41 <./Plots/RelativeErrorBarChart.pdf, page is rotated 90 degrees> <./Plo
ts/SystShifts_beamSysts_Full_Graph.pdf, page is rotated 90 degrees>]
<Plots/SystShifts_detSysts_Full_Graph.pdf, id=2903, 569.12625pt x 385.44pt>
File: Plots/SystShifts_detSysts_Full_Graph.pdf Graphic file (type pdf)
<use Plots/SystShifts_detSysts_Full_Graph.pdf>
Package pdftex.def Info: Plots/SystShifts_detSysts_Full_Graph.pdf  used on inpu
t line 31.
(pdftex.def)             Requested size: 350.33727pt x 237.2765pt.
)
(./StatisticalAnalysisNuMM.tex

LaTeX Font Warning: Font shape `T1/ptm/m/scit' undefined
(Font)              using `T1/ptm/m/it' instead on input line 6.

[42 <./Plots/SystShifts_detSysts_Full_Graph.pdf, page is rotated 90 degrees>]

LaTeX Warning: Reference `eq:NumberOfSMEventsWithSysts' on page 43 undefined on
 input line 15.

[43]

LaTeX Font Warning: Font shape `T1/ptm/m/scit' undefined
(Font)              using `T1/ptm/m/it' instead on input line 97.

[44]
LaTeX Font Info:    Trying to load font information for TS1+ptm on input line 1
03.
 (/usr/share/texlive/texmf-dist/tex/latex/psnfss/ts1ptm.fd
File: ts1ptm.fd 2001/06/04 font definitions for TS1/ptm.
))
(./ResultsNuMM.tex

LaTeX Font Warning: Font shape `T1/ptm/m/scit' undefined
(Font)              using `T1/ptm/m/it' instead on input line 20.

[45])

LaTeX Font Warning: Font shape `T1/ptm/m/scit' undefined
(Font)              using `T1/ptm/m/it' instead on input line 120.


LaTeX Font Warning: Font shape `T1/ptm/m/scit' undefined
(Font)              using `T1/ptm/m/it' instead on input line 122.


LaTeX Font Warning: Font shape `T1/ptm/m/scit' undefined
(Font)              using `T1/ptm/m/it' instead on input line 124.

(./NeutrinoMagMomentTechnote.gls) (./NeutrinoMagMomentTechnote.acr [46])
(./NeutrinoMagMomentTechnote.bbl [47] [48]
Underfull \hbox (badness 1540) in paragraph at lines 228--236
\T1/cmtt/m/n/12 / / www . sciencedirect . com / science / article / pii / S0146
641013000239$[][]\T1/ptm/m/n/12 , [][]$\T1/cmtt/m/n/12 doi : 10 . 1016 / j .
 []

[49]) [50] (./NeutrinoMagMomentTechnote.aux)
 ***********
LaTeX2e <2023-11-01> patch level 1
L3 programming layer <2024-01-22>
 ***********


LaTeX Warning: There were undefined references.


LaTeX Warning: Label(s) may have changed. Rerun to get cross-references right.

Package rerunfilecheck Info: File `NeutrinoMagMomentTechnote.out' has not chang
ed.
(rerunfilecheck)             Checksum: EF40E76576836D1F9FCD7B19CC776F89;5105.
 ) 
Here is how much of TeX's memory you used:
 34897 strings out of 474222
 666719 string characters out of 5748733
 1960975 words of memory out of 5000000
 56179 multiletter control sequences out of 15000+600000
 646013 words of font info for 177 fonts, out of 8000000 for 9000
 1141 hyphenation exceptions out of 8191
 98i,16n,107p,2360b,738s stack positions out of 10000i,1000n,20000p,200000b,200000s
</usr/share/texlive/texmf-dist/fonts/type1/public/amsfonts/cm/cmex10.pfb></us
r/share/texlive/texmf-dist/fonts/type1/public/amsfonts/cm/cmmi10.pfb></usr/shar
e/texlive/texmf-dist/fonts/type1/public/amsfonts/cm/cmmi12.pfb></usr/share/texl
ive/texmf-dist/fonts/type1/public/amsfonts/cm/cmmi9.pfb></usr/share/texlive/tex
mf-dist/fonts/type1/public/amsfonts/cm/cmr10.pfb></usr/share/texlive/texmf-dist
/fonts/type1/public/amsfonts/cm/cmr12.pfb></usr/share/texlive/texmf-dist/fonts/
type1/public/amsfonts/cm/cmr9.pfb></usr/share/texlive/texmf-dist/fonts/type1/pu
blic/amsfonts/cm/cmss12.pfb></usr/share/texlive/texmf-dist/fonts/type1/public/a
msfonts/cm/cmsy10.pfb></usr/share/texlive/texmf-dist/fonts/type1/public/amsfont
s/cm/cmsy9.pfb></usr/share/texlive/texmf-dist/fonts/type1/public/amsfonts/symbo
ls/msam10.pfb></usr/share/texlive/texmf-dist/fonts/type1/public/amsfonts/symbol
s/msbm10.pfb></usr/share/texlive/texmf-dist/fonts/type1/public/rsfs/rsfs10.pfb>
</usr/share/texmf/fonts/type1/public/cm-super/sfss0800.pfb></usr/share/texmf/fo
nts/type1/public/cm-super/sfss0900.pfb></usr/share/texmf/fonts/type1/public/cm-
super/sfss1200.pfb></usr/share/texmf/fonts/type1/public/cm-super/sftt1200.pfb><
/usr/share/texmf/fonts/type1/public/cm-super/sftt2074.pfb></usr/share/texlive/t
exmf-dist/fonts/type1/urw/symbol/usyr.pfb></usr/share/texlive/texmf-dist/fonts/
type1/urw/symbol/usyr.pfb></usr/share/texlive/texmf-dist/fonts/type1/urw/times/
utmb8a.pfb></usr/share/texlive/texmf-dist/fonts/type1/urw/times/utmr8a.pfb></us
r/share/texlive/texmf-dist/fonts/type1/urw/times/utmri8a.pfb>
Output written on NeutrinoMagMomentTechnote.pdf (52 pages, 1231081 bytes).
PDF statistics:
 3335 PDF objects out of 3580 (max. 8388607)
 2009 compressed objects within 21 object streams
 258 named destinations out of 1000 (max. 500000)
 485 words of extra memory for PDF output out of 10000 (max. 10000000)

