\BOOKMARK [1][-]{section.1}{\376\377\000I\000n\000t\000r\000o\000d\000u\000c\000t\000i\000o\000n}{}% 1
\BOOKMARK [1][-]{section.2}{\376\377\000T\000h\000e\000o\000r\000e\000t\000i\000c\000a\000l\000\040\000O\000v\000e\000r\000v\000i\000e\000w}{}% 2
\BOOKMARK [2][-]{subsection.2.1}{\376\377\000N\000e\000u\000t\000r\000i\000n\000o\000\040\000E\000l\000e\000c\000t\000r\000i\000c\000\040\000a\000n\000d\000\040\000M\000a\000g\000n\000e\000t\000i\000c\000\040\000D\000i\000p\000o\000l\000e\000\040\000M\000o\000m\000e\000n\000t\000s}{section.2}% 3
\BOOKMARK [3][-]{subsubsection.2.1.1}{\376\377\000E\000f\000f\000e\000c\000t\000i\000v\000e\000\040\000N\000e\000u\000t\000r\000i\000n\000o\000\040\000M\000a\000g\000n\000e\000t\000i\000c\000\040\000M\000o\000m\000e\000n\000t}{subsection.2.1}% 4
\BOOKMARK [2][-]{subsection.2.2}{\376\377\000M\000e\000a\000s\000u\000r\000i\000n\000g\000\040\000t\000h\000e\000\040\000N\000e\000u\000t\000r\000i\000n\000o\000\040\000M\000a\000g\000n\000e\000t\000i\000c\000\040\000M\000o\000m\000e\000n\000t}{section.2}% 5
\BOOKMARK [3][-]{subsubsection.2.2.1}{\376\377\000N\000e\000u\000t\000r\000i\000n\000o\000\040\000M\000a\000g\000n\000e\000t\000i\000c\000\040\000M\000o\000m\000e\000n\000t\000\040\000C\000r\000o\000s\000s\000\040\000S\000e\000c\000t\000i\000o\000n}{subsection.2.2}% 6
\BOOKMARK [1][-]{section.3}{\376\377\000A\000n\000a\000l\000y\000s\000i\000s\000\040\000O\000v\000e\000r\000v\000i\000e\000w}{}% 7
\BOOKMARK [2][-]{subsection.3.1}{\376\377\000A\000n\000a\000l\000y\000s\000i\000s\000\040\000W\000e\000i\000g\000h\000t\000s}{section.3}% 8
\BOOKMARK [2][-]{subsection.3.2}{\376\377\000S\000p\000e\000c\000i\000a\000l\000\040\000S\000i\000m\000u\000l\000a\000t\000i\000o\000n\000\040\000S\000a\000m\000p\000l\000e\000s}{section.3}% 9
\BOOKMARK [1][-]{section.4}{\376\377\000E\000v\000e\000n\000t\000\040\000S\000e\000l\000e\000c\000t\000i\000o\000n}{}% 10
\BOOKMARK [2][-]{subsection.4.1}{\376\377\000D\000a\000t\000a\000\040\000C\000o\000l\000l\000e\000c\000t\000i\000o\000n\000\040\000Q\000u\000a\000l\000i\000t\000y}{section.4}% 11
\BOOKMARK [2][-]{subsection.4.2}{\376\377\000R\000e\000c\000o\000n\000s\000t\000r\000u\000c\000t\000i\000o\000n\000\040\000Q\000u\000a\000l\000i\000t\000y}{section.4}% 12
\BOOKMARK [2][-]{subsection.4.3}{\376\377\000P\000r\000e\000-\000S\000e\000l\000e\000c\000t\000i\000o\000n}{section.4}% 13
\BOOKMARK [2][-]{subsection.4.4}{\376\377\000F\000i\000d\000u\000c\000i\000a\000l\000\040\000a\000n\000d\000\040\000C\000o\000n\000t\000a\000i\000n\000m\000e\000n\000t\000\040\000C\000u\000t\000s}{section.4}% 14
\BOOKMARK [2][-]{subsection.4.5}{\376\377\000M\000u\000l\000t\000i\000v\000a\000r\000i\000a\000t\000e\000\040\000A\000n\000a\000l\000y\000s\000i\000s\000\040\000C\000u\000t\000s}{section.4}% 15
\BOOKMARK [1][-]{section.5}{\376\377\000S\000y\000s\000t\000e\000m\000a\000t\000i\000c\000\040\000U\000n\000c\000e\000r\000t\000a\000i\000n\000t\000i\000e\000s}{}% 16
\BOOKMARK [1][-]{section.6}{\376\377\000S\000t\000a\000t\000i\000s\000t\000i\000c\000a\000l\000\040\000A\000n\000a\000l\000y\000s\000i\000s}{}% 17
\BOOKMARK [2][-]{subsection.6.1}{\376\377\000R\000e\000s\000o\000l\000u\000t\000i\000o\000n\000\040\000a\000n\000d\000\040\000b\000i\000n\000n\000i\000n\000g}{section.6}% 18
\BOOKMARK [2][-]{subsection.6.2}{\376\377\000C\000o\000u\000n\000t\000i\000n\000g\000\040\000E\000x\000p\000e\000r\000i\000m\000e\000n\000t}{section.6}% 19
\BOOKMARK [3][-]{subsubsection.6.2.1}{\376\377\000T\000r\000e\000a\000t\000m\000e\000n\000t\000\040\000o\000f\000\040\000S\000y\000s\000t\000e\000m\000a\000t\000i\000c\000\040\000U\000n\000c\000e\000r\000t\000a\000i\000n\000t\000i\000e\000s}{subsection.6.2}% 20
\BOOKMARK [3][-]{subsubsection.6.2.2}{\376\377\000H\000y\000p\000o\000t\000h\000e\000s\000i\000s\000\040\000T\000e\000s\000t\000i\000n\000g\000\040\000a\000n\000d\000\040\000C\000o\000n\000f\000i\000d\000e\000n\000c\000e\000\040\000L\000i\000m\000i\000t\000s}{subsection.6.2}% 21
\BOOKMARK [2][-]{subsection.6.3}{\376\377\000F\000i\000t\000t\000i\000n\000g\000\040\000f\000r\000a\000m\000e\000w\000o\000r\000k}{section.6}% 22
\BOOKMARK [1][-]{section.7}{\376\377\000R\000e\000s\000u\000l\000t\000s\000\040\000/\000\040\000F\000a\000k\000e\000\040\000d\000a\000t\000a\000\040\000s\000t\000u\000d\000i\000e\000s}{}% 23
\BOOKMARK [2][-]{subsection.7.1}{\376\377\000C\000o\000u\000n\000t\000i\000n\000g\000\040\000e\000x\000p\000e\000r\000i\000m\000e\000n\000t}{section.7}% 24
\BOOKMARK [2][-]{subsection.7.2}{\376\377\000B\000i\000n\000n\000e\000d\000\040\000e\000x\000p\000e\000r\000i\000m\000e\000n\000t}{section.7}% 25
\BOOKMARK [2][-]{subsection.7.3}{\376\377\000T\000e\000m\000p\000l\000a\000t\000e\000\040\000f\000i\000t}{section.7}% 26
\BOOKMARK [3][-]{subsubsection.7.3.1}{\376\377\000S\000e\000n\000s\000i\000t\000i\000v\000i\000t\000i\000e\000s\000\040\000a\000n\000d\000\040\000l\000i\000m\000i\000t\000s}{subsection.7.3}% 27
\BOOKMARK [1][-]{section.8}{\376\377\000C\000o\000n\000c\000l\000u\000s\000i\000o\000n}{}% 28
\BOOKMARK [1][-]{section*.43}{\376\377\000A\000c\000r\000o\000n\000y\000m\000s}{}% 29
